Archive member included to satisfy reference by file (symbol)

c:/st/stm32cubeide_1.7.0/stm32cubeide/plugins/com.st.stm32cube.ide.mcu.externaltools.gnu-tools-for-stm32.9-2020-q2-update.win32_2.0.0.202105311346/tools/bin/../lib/gcc/arm-none-eabi/9.3.1/../../../../arm-none-eabi/lib/thumb/v6-m/nofp\libc_nano.a(lib_a-errno.o)
                              ./Core/Src/syscalls.o (__errno)
c:/st/stm32cubeide_1.7.0/stm32cubeide/plugins/com.st.stm32cube.ide.mcu.externaltools.gnu-tools-for-stm32.9-2020-q2-update.win32_2.0.0.202105311346/tools/bin/../lib/gcc/arm-none-eabi/9.3.1/../../../../arm-none-eabi/lib/thumb/v6-m/nofp\libc_nano.a(lib_a-exit.o)
                              c:/st/stm32cubeide_1.7.0/stm32cubeide/plugins/com.st.stm32cube.ide.mcu.externaltools.gnu-tools-for-stm32.9-2020-q2-update.win32_2.0.0.202105311346/tools/bin/../lib/gcc/arm-none-eabi/9.3.1/../../../../arm-none-eabi/lib/thumb/v6-m/nofp/crt0.o (exit)
c:/st/stm32cubeide_1.7.0/stm32cubeide/plugins/com.st.stm32cube.ide.mcu.externaltools.gnu-tools-for-stm32.9-2020-q2-update.win32_2.0.0.202105311346/tools/bin/../lib/gcc/arm-none-eabi/9.3.1/../../../../arm-none-eabi/lib/thumb/v6-m/nofp\libc_nano.a(lib_a-impure.o)
                              c:/st/stm32cubeide_1.7.0/stm32cubeide/plugins/com.st.stm32cube.ide.mcu.externaltools.gnu-tools-for-stm32.9-2020-q2-update.win32_2.0.0.202105311346/tools/bin/../lib/gcc/arm-none-eabi/9.3.1/../../../../arm-none-eabi/lib/thumb/v6-m/nofp\libc_nano.a(lib_a-exit.o) (_global_impure_ptr)
c:/st/stm32cubeide_1.7.0/stm32cubeide/plugins/com.st.stm32cube.ide.mcu.externaltools.gnu-tools-for-stm32.9-2020-q2-update.win32_2.0.0.202105311346/tools/bin/../lib/gcc/arm-none-eabi/9.3.1/../../../../arm-none-eabi/lib/thumb/v6-m/nofp\libc_nano.a(lib_a-init.o)
                              c:/st/stm32cubeide_1.7.0/stm32cubeide/plugins/com.st.stm32cube.ide.mcu.externaltools.gnu-tools-for-stm32.9-2020-q2-update.win32_2.0.0.202105311346/tools/bin/../lib/gcc/arm-none-eabi/9.3.1/../../../../arm-none-eabi/lib/thumb/v6-m/nofp/crt0.o (__libc_init_array)
c:/st/stm32cubeide_1.7.0/stm32cubeide/plugins/com.st.stm32cube.ide.mcu.externaltools.gnu-tools-for-stm32.9-2020-q2-update.win32_2.0.0.202105311346/tools/bin/../lib/gcc/arm-none-eabi/9.3.1/../../../../arm-none-eabi/lib/thumb/v6-m/nofp\libc_nano.a(lib_a-memcpy-stub.o)
                              ./Core/Src/MY_NRF24.o (memcpy)
c:/st/stm32cubeide_1.7.0/stm32cubeide/plugins/com.st.stm32cube.ide.mcu.externaltools.gnu-tools-for-stm32.9-2020-q2-update.win32_2.0.0.202105311346/tools/bin/../lib/gcc/arm-none-eabi/9.3.1/../../../../arm-none-eabi/lib/thumb/v6-m/nofp\libc_nano.a(lib_a-memset.o)
                              c:/st/stm32cubeide_1.7.0/stm32cubeide/plugins/com.st.stm32cube.ide.mcu.externaltools.gnu-tools-for-stm32.9-2020-q2-update.win32_2.0.0.202105311346/tools/bin/../lib/gcc/arm-none-eabi/9.3.1/../../../../arm-none-eabi/lib/thumb/v6-m/nofp/crt0.o (memset)
c:/st/stm32cubeide_1.7.0/stm32cubeide/plugins/com.st.stm32cube.ide.mcu.externaltools.gnu-tools-for-stm32.9-2020-q2-update.win32_2.0.0.202105311346/tools/bin/../lib/gcc/arm-none-eabi/9.3.1/../../../../arm-none-eabi/lib/thumb/v6-m/nofp\libc_nano.a(lib_a-printf.o)
                              ./Core/Src/main.o (printf)
c:/st/stm32cubeide_1.7.0/stm32cubeide/plugins/com.st.stm32cube.ide.mcu.externaltools.gnu-tools-for-stm32.9-2020-q2-update.win32_2.0.0.202105311346/tools/bin/../lib/gcc/arm-none-eabi/9.3.1/../../../../arm-none-eabi/lib/thumb/v6-m/nofp\libc_nano.a(lib_a-sprintf.o)
                              ./Core/Src/MY_NRF24.o (sprintf)
c:/st/stm32cubeide_1.7.0/stm32cubeide/plugins/com.st.stm32cube.ide.mcu.externaltools.gnu-tools-for-stm32.9-2020-q2-update.win32_2.0.0.202105311346/tools/bin/../lib/gcc/arm-none-eabi/9.3.1/../../../../arm-none-eabi/lib/thumb/v6-m/nofp\libc_nano.a(lib_a-strlen.o)
                              ./Core/Src/MY_NRF24.o (strlen)
c:/st/stm32cubeide_1.7.0/stm32cubeide/plugins/com.st.stm32cube.ide.mcu.externaltools.gnu-tools-for-stm32.9-2020-q2-update.win32_2.0.0.202105311346/tools/bin/../lib/gcc/arm-none-eabi/9.3.1/../../../../arm-none-eabi/lib/thumb/v6-m/nofp\libc_nano.a(lib_a-findfp.o)
                              c:/st/stm32cubeide_1.7.0/stm32cubeide/plugins/com.st.stm32cube.ide.mcu.externaltools.gnu-tools-for-stm32.9-2020-q2-update.win32_2.0.0.202105311346/tools/bin/../lib/gcc/arm-none-eabi/9.3.1/../../../../arm-none-eabi/lib/thumb/v6-m/nofp\libc_nano.a(lib_a-printf.o) (__sinit)
c:/st/stm32cubeide_1.7.0/stm32cubeide/plugins/com.st.stm32cube.ide.mcu.externaltools.gnu-tools-for-stm32.9-2020-q2-update.win32_2.0.0.202105311346/tools/bin/../lib/gcc/arm-none-eabi/9.3.1/../../../../arm-none-eabi/lib/thumb/v6-m/nofp\libc_nano.a(lib_a-fwalk.o)
[...]
Memory Configuration

Name             Origin             Length             Attributes
RAM              0x0000000020000000 0x0000000000002000 xrw
FLASH            0x0000000008000000 0x0000000000010000 xr
*default*        0x0000000000000000 0xffffffffffffffff

Linker script and memory map

LOAD c:/st/stm32cubeide_1.7.0/stm32cubeide/plugins/com.st.stm32cube.ide.mcu.externaltools.gnu-tools-for-stm32.9-2020-q2-update.win32_2.0.0.202105311346/tools/bin/../lib/gcc/arm-none-eabi/9.3.1/thumb/v6-m/nofp/crti.o
LOAD c:/st/stm32cubeide_1.7.0/stm32cubeide/plugins/com.st.stm32cube.ide.mcu.externaltools.gnu-tools-for-stm32.9-2020-q2-update.win32_2.0.0.202105311346/tools/bin/../lib/gcc/arm-none-eabi/9.3.1/thumb/v6-m/nofp/crtbegin.o
LOAD c:/st/stm32cubeide_1.7.0/stm32cubeide/plugins/com.st.stm32cube.ide.mcu.externaltools.gnu-tools-for-stm32.9-2020-q2-update.win32_2.0.0.202105311346/tools/bin/../lib/gcc/arm-none-eabi/9.3.1/../../../../arm-none-eabi/lib/thumb/v6-m/nofp/crt0.o
LOAD ./Core/Src/MY_NRF24.o
LOAD ./Core/Src/main.o
LOAD ./Core/Src/stm32f0xx_hal_msp.o
LOAD ./Core/Src/stm32f0xx_it.o
LOAD ./Core/Src/syscalls.o
LOAD ./Core/Src/sysmem.o
LOAD ./Core/Src/system_stm32f0xx.o
LOAD ./Core/Startup/startup_stm32f030r8tx.o
LOAD ./Drivers/STM32F0xx_HAL_Driver/Src/stm32f0xx_hal.o
LOAD ./Drivers/STM32F0xx_HAL_Driver/Src/stm32f0xx_hal_cortex.o
LOAD ./Drivers/STM32F0xx_HAL_Driver/Src/stm32f0xx_hal_dma.o
LOAD ./Drivers/STM32F0xx_HAL_Driver/Src/stm32f0xx_hal_exti.o
LOAD ./Drivers/STM32F0xx_HAL_Driver/Src/stm32f0xx_hal_flash.o
LOAD ./Drivers/STM32F0xx_HAL_Driver/Src/stm32f0xx_hal_flash_ex.o
LOAD ./Drivers/STM32F0xx_HAL_Driver/Src/stm32f0xx_hal_gpio.o
LOAD ./Drivers/STM32F0xx_HAL_Driver/Src/stm32f0xx_hal_i2c.o
LOAD ./Drivers/STM32F0xx_HAL_Driver/Src/stm32f0xx_hal_i2c_ex.o
LOAD ./Drivers/STM32F0xx_HAL_Driver/Src/stm32f0xx_hal_pwr.o
LOAD ./Drivers/STM32F0xx_HAL_Driver/Src/stm32f0xx_hal_pwr_ex.o
LOAD ./Drivers/STM32F0xx_HAL_Driver/Src/stm32f0xx_hal_rcc.o
LOAD ./Drivers/STM32F0xx_HAL_Driver/Src/stm32f0xx_hal_rcc_ex.o
LOAD ./Drivers/STM32F0xx_HAL_Driver/Src/stm32f0xx_hal_spi.o
LOAD ./Drivers/STM32F0xx_HAL_Driver/Src/stm32f0xx_hal_spi_ex.o
LOAD ./Drivers/STM32F0xx_HAL_Driver/Src/stm32f0xx_hal_tim.o
LOAD ./Drivers/STM32F0xx_HAL_Driver/Src/stm32f0xx_hal_tim_ex.o
LOAD ./Drivers/STM32F0xx_HAL_Driver/Src/stm32f0xx_hal_uart.o
LOAD ./Drivers/STM32F0xx_HAL_Driver/Src/stm32f0xx_hal_uart_ex.o
START GROUP
LOAD c:/st/stm32cubeide_1.7.0/stm32cubeide/plugins/com.st.stm32cube.ide.mcu.externaltools.gnu-tools-for-stm32.9-2020-q2-update.win32_2.0.0.202105311346/tools/bin/../lib/gcc/arm-none-eabi/9.3.1/../../../../arm-none-eabi/lib/thumb/v6-m/nofp\libc_nano.a
LOAD c:/st/stm32cubeide_1.7.0/stm32cubeide/plugins/com.st.stm32cube.ide.mcu.externaltools.gnu-tools-for-stm32.9-2020-q2-update.win32_2.0.0.202105311346/tools/bin/../lib/gcc/arm-none-eabi/9.3.1/../../../../arm-none-eabi/lib/thumb/v6-m/nofp\libm.a
END GROUP
START GROUP
LOAD c:/st/stm32cubeide_1.7.0/stm32cubeide/plugins/com.st.stm32cube.ide.mcu.externaltools.gnu-tools-for-stm32.9-2020-q2-update.win32_2.0.0.202105311346/tools/bin/../lib/gcc/arm-none-eabi/9.3.1/thumb/v6-m/nofp\libgcc.a
LOAD c:/st/stm32cubeide_1.7.0/stm32cubeide/plugins/com.st.stm32cube.ide.mcu.externaltools.gnu-tools-for-stm32.9-2020-q2-update.win32_2.0.0.202105311346/tools/bin/../lib/gcc/arm-none-eabi/9.3.1/../../../../arm-none-eabi/lib/thumb/v6-m/nofp\libc_nano.a
END GROUP
START GROUP
LOAD c:/st/stm32cubeide_1.7.0/stm32cubeide/plugins/com.st.stm32cube.ide.mcu.externaltools.gnu-tools-for-stm32.9-2020-q2-update.win32_2.0.0.202105311346/tools/bin/../lib/gcc/arm-none-eabi/9.3.1/thumb/v6-m/nofp\libgcc.a
LOAD c:/st/stm32cubeide_1.7.0/stm32cubeide/plugins/com.st.stm32cube.ide.mcu.externaltools.gnu-tools-for-stm32.9-2020-q2-update.win32_2.0.0.202105311346/tools/bin/../lib/gcc/arm-none-eabi/9.3.1/../../../../arm-none-eabi/lib/thumb/v6-m/nofp\libc_nano.a
LOAD c:/st/stm32cubeide_1.7.0/stm32cubeide/plugins/com.st.stm32cube.ide.mcu.externaltools.gnu-tools-for-stm32.9-2020-q2-update.win32_2.0.0.202105311346/tools/bin/../lib/gcc/arm-none-eabi/9.3.1/../../../../arm-none-eabi/lib/thumb/v6-m/nofp\libnosys.a
END GROUP
START GROUP
LOAD c:/st/stm32cubeide_1.7.0/stm32cubeide/plugins/com.st.stm32cube.ide.mcu.externaltools.gnu-tools-for-stm32.9-2020-q2-update.win32_2.0.0.202105311346/tools/bin/../lib/gcc/arm-none-eabi/9.3.1/thumb/v6-m/nofp\libgcc.a
LOAD c:/st/stm32cubeide_1.7.0/stm32cubeide/plugins/com.st.stm32cube.ide.mcu.externaltools.gnu-tools-for-stm32.9-2020-q2-update.win32_2.0.0.202105311346/tools/bin/../lib/gcc/arm-none-eabi/9.3.1/../../../../arm-none-eabi/lib/thumb/v6-m/nofp\libc_nano.a
LOAD c:/st/stm32cubeide_1.7.0/stm32cubeide/plugins/com.st.stm32cube.ide.mcu.externaltools.gnu-tools-for-stm32.9-2020-q2-update.win32_2.0.0.202105311346/tools/bin/../lib/gcc/arm-none-eabi/9.3.1/../../../../arm-none-eabi/lib/thumb/v6-m/nofp\libnosys.a
END GROUP
LOAD c:/st/stm32cubeide_1.7.0/stm32cubeide/plugins/com.st.stm32cube.ide.mcu.externaltools.gnu-tools-for-stm32.9-2020-q2-update.win32_2.0.0.202105311346/tools/bin/../lib/gcc/arm-none-eabi/9.3.1/thumb/v6-m/nofp/crtend.o
LOAD c:/st/stm32cubeide_1.7.0/stm32cubeide/plugins/com.st.stm32cube.ide.mcu.externaltools.gnu-tools-for-stm32.9-2020-q2-update.win32_2.0.0.202105311346/tools/bin/../lib/gcc/arm-none-eabi/9.3.1/thumb/v6-m/nofp/crtn.o
                0x0000000020002000                _estack = (ORIGIN (RAM) + LENGTH (RAM))
                0x0000000000000200                _Min_Heap_Size = 0x200
                0x0000000000000400                _Min_Stack_Size = 0x400

.isr_vector     0x0000000008000000       0xc0
                0x0000000008000000                . = ALIGN (0x4)
 *(.isr_vector)
 .isr_vector    0x0000000008000000       0xc0 ./Core/Startup/startup_stm32f030r8tx.o
                0x0000000008000000                g_pfnVectors
                0x00000000080000c0                . = ALIGN (0x4)

.text           0x00000000080000c0     0x52d4
                0x00000000080000c0                . = ALIGN (0x4)
 *(.text)
 .text          0x00000000080000c0       0x48 c:/st/stm32cubeide_1.7.0/stm32cubeide/plugins/com.st.stm32cube.ide.mcu.externaltools.gnu-tools-for-stm32.9-2020-q2-update.win32_2.0.0.202105311346/tools/bin/../lib/gcc/arm-none-eabi/9.3.1/thumb/v6-m/nofp/crtbegin.o
 .text          0x0000000008000108        0xe c:/st/stm32cubeide_1.7.0/stm32cubeide/plugins/com.st.stm32cube.ide.mcu.externaltools.gnu-tools-for-stm32.9-2020-q2-update.win32_2.0.0.202105311346/tools/bin/../lib/gcc/arm-none-eabi/9.3.1/../../../../arm-none-eabi/lib/thumb/v6-m/nofp\libc_nano.a(lib_a-strlen.o)
                0x0000000008000108                strlen
 *fill*         0x0000000008000116        0x2 
 .text          0x0000000008000118       0x14 c:/st/stm32cubeide_1.7.0/stm32cubeide/plugins/com.st.stm32cube.ide.mcu.externaltools.gnu-tools-for-stm32.9-2020-q2-update.win32_2.0.0.202105311346/tools/bin/../lib/gcc/arm-none-eabi/9.3.1/thumb/v6-m/nofp\libgcc.a(_thumb1_case_shi.o)
                0x0000000008000118                __gnu_thumb1_case_shi
 .text          0x000000000800012c      0x114 c:/st/stm32cubeide_1.7.0/stm32cubeide/plugins/com.st.stm32cube.ide.mcu.externaltools.gnu-tools-for-stm32.9-2020-q2-update.win32_2.0.0.202105311346/tools/bin/../lib/gcc/arm-none-eabi/9.3.1/thumb/v6-m/nofp\libgcc.a(_udivsi3.o)
                0x000000000800012c                __aeabi_uidiv
                0x000000000800012c                __udivsi3
                0x0000000008000238                __aeabi_uidivmod
 .text          0x0000000008000240        0x4 c:/st/stm32cubeide_1.7.0/stm32cubeide/plugins/com.st.stm32cube.ide.mcu.externaltools.gnu-tools-for-stm32.9-2020-q2-update.win32_2.0.0.202105311346/tools/bin/../lib/gcc/arm-none-eabi/9.3.1/thumb/v6-m/nofp\libgcc.a(_dvmd_tls.o)
                0x0000000008000240                __aeabi_idiv0
                0x0000000008000240                __aeabi_ldiv0
 *(.text*)
 .text.NRF24_DelayMicroSeconds
                0x0000000008000244       0x40 ./Core/Src/MY_NRF24.o
                0x0000000008000244                NRF24_DelayMicroSeconds
 .text.NRF24_csn
                0x0000000008000284       0x40 ./Core/Src/MY_NRF24.o
                0x0000000008000284                NRF24_csn
 .text.NRF24_ce
                0x00000000080002c4       0x40 ./Core/Src/MY_NRF24.o
                0x00000000080002c4                NRF24_ce
 .text.NRF24_read_register
                0x0000000008000304       0x5c ./Core/Src/MY_NRF24.o
                0x0000000008000304                NRF24_read_register
 .text.NRF24_read_registerN
                0x0000000008000360       0x5c ./Core/Src/MY_NRF24.o
                0x0000000008000360                NRF24_read_registerN
 .text.NRF24_write_register
                0x00000000080003bc       0x50 ./Core/Src/MY_NRF24.o
                0x00000000080003bc                NRF24_write_register
 .text.NRF24_write_registerN
                0x000000000800040c       0x5c ./Core/Src/MY_NRF24.o
                0x000000000800040c                NRF24_write_registerN
 .text.NRF24_read_payload
                0x0000000008000468       0x70 ./Core/Src/MY_NRF24.o
                0x0000000008000468                NRF24_read_payload
 .text.NRF24_flush_tx
                0x00000000080004d8       0x12 ./Core/Src/MY_NRF24.o
                0x00000000080004d8                NRF24_flush_tx
 .text.NRF24_flush_rx
                0x00000000080004ea       0x12 ./Core/Src/MY_NRF24.o
                0x00000000080004ea                NRF24_flush_rx
 .text.NRF24_get_status
                0x00000000080004fc       0x1e ./Core/Src/MY_NRF24.o
                0x00000000080004fc                NRF24_get_status
 *fill*         0x000000000800051a        0x2 
 .text.NRF24_begin
                0x000000000800051c      0x214 ./Core/Src/MY_NRF24.o
                0x000000000800051c                NRF24_begin
 .text.NRF24_startListening
                0x0000000008000730       0x54 ./Core/Src/MY_NRF24.o
                0x0000000008000730                NRF24_startListening
 .text.NRF24_available
                0x0000000008000784       0x12 ./Core/Src/MY_NRF24.o
                0x0000000008000784                NRF24_available
 .text.NRF24_read
                0x0000000008000796       0x4a ./Core/Src/MY_NRF24.o
                0x0000000008000796                NRF24_read
 .text.NRF24_openReadingPipe
                0x00000000080007e0       0xb4 ./Core/Src/MY_NRF24.o
                0x00000000080007e0                NRF24_openReadingPipe
 .text.NRF24_setRetries
                0x0000000008000894       0x3c ./Core/Src/MY_NRF24.o
                0x0000000008000894                NRF24_setRetries
 .text.NRF24_setChannel
                0x00000000080008d0       0x38 ./Core/Src/MY_NRF24.o
                0x00000000080008d0                NRF24_setChannel
 .text.NRF24_setPayloadSize
                0x0000000008000908       0x38 ./Core/Src/MY_NRF24.o
                0x0000000008000908                NRF24_setPayloadSize
 .text.NRF24_getPayloadSize
                0x0000000008000940       0x14 ./Core/Src/MY_NRF24.o
                0x0000000008000940                NRF24_getPayloadSize
 .text.NRF24_getDynamicPayloadSize
                0x0000000008000954       0x12 ./Core/Src/MY_NRF24.o
                0x0000000008000954                NRF24_getDynamicPayloadSize
 *fill*         0x0000000008000966        0x2 
 .text.NRF24_disableDynamicPayloads
                0x0000000008000968       0x38 ./Core/Src/MY_NRF24.o
                0x0000000008000968                NRF24_disableDynamicPayloads
 .text.NRF24_setAutoAck
                0x00000000080009a0       0x2e ./Core/Src/MY_NRF24.o
                0x00000000080009a0                NRF24_setAutoAck
 .text.NRF24_setPALevel
                0x00000000080009ce       0xa2 ./Core/Src/MY_NRF24.o
                0x00000000080009ce                NRF24_setPALevel
 .text.NRF24_setDataRate
                0x0000000008000a70       0xb8 ./Core/Src/MY_NRF24.o
                0x0000000008000a70                NRF24_setDataRate
 .text.NRF24_setCRCLength
                0x0000000008000b28       0x70 ./Core/Src/MY_NRF24.o
                0x0000000008000b28                NRF24_setCRCLength
 .text.NRF24_powerDown
                0x0000000008000b98       0x24 ./Core/Src/MY_NRF24.o
                0x0000000008000b98                NRF24_powerDown
 .text.NRF24_availablePipe
                0x0000000008000bbc       0x72 ./Core/Src/MY_NRF24.o
                0x0000000008000bbc                NRF24_availablePipe
 .text.NRF24_resetStatus
                0x0000000008000c2e       0x12 ./Core/Src/MY_NRF24.o
                0x0000000008000c2e                NRF24_resetStatus
 .text.NRF24_ACTIVATE_cmd
                0x0000000008000c40       0x38 ./Core/Src/MY_NRF24.o
                0x0000000008000c40                NRF24_ACTIVATE_cmd
 .text.printRadioSettings
                0x0000000008000c78      0x850 ./Core/Src/MY_NRF24.o
                0x0000000008000c78                printRadioSettings
 .text.nrf24_DebugUART_Init
                0x00000000080014c8       0x34 ./Core/Src/MY_NRF24.o
                0x00000000080014c8                nrf24_DebugUART_Init
 .text._write   0x00000000080014fc       0x28 ./Core/Src/main.o
                0x00000000080014fc                _write
 .text.main     0x0000000008001524       0xc4 ./Core/Src/main.o
                0x0000000008001524                main
 .text.SystemClock_Config
                0x00000000080015e8       0x90 ./Core/Src/main.o
                0x00000000080015e8                SystemClock_Config
 .text.MX_SPI1_Init
                0x0000000008001678       0x7c ./Core/Src/main.o
 .text.MX_USART2_UART_Init
                0x00000000080016f4       0x60 ./Core/Src/main.o
 .text.MX_GPIO_Init
                0x0000000008001754      0x128 ./Core/Src/main.o
 .text.Error_Handler
                0x000000000800187c        0xa ./Core/Src/main.o
                0x000000000800187c                Error_Handler
 *fill*         0x0000000008001886        0x2 
 .text.HAL_MspInit
                0x0000000008001888       0x48 ./Core/Src/stm32f0xx_hal_msp.o
                0x0000000008001888                HAL_MspInit
 .text.HAL_SPI_MspInit
                0x00000000080018d0       0xe4 ./Core/Src/stm32f0xx_hal_msp.o
                0x00000000080018d0                HAL_SPI_MspInit
 .text.HAL_UART_MspInit
                0x00000000080019b4       0x98 ./Core/Src/stm32f0xx_hal_msp.o
                0x00000000080019b4                HAL_UART_MspInit
 .text.NMI_Handler
                0x0000000008001a4c        0x6 ./Core/Src/stm32f0xx_it.o
                0x0000000008001a4c                NMI_Handler
 .text.HardFault_Handler
                0x0000000008001a52        0x6 ./Core/Src/stm32f0xx_it.o
                0x0000000008001a52                HardFault_Handler
 .text.SVC_Handler
                0x0000000008001a58        0xa ./Core/Src/stm32f0xx_it.o
                0x0000000008001a58                SVC_Handler
 .text.PendSV_Handler
                0x0000000008001a62        0xa ./Core/Src/stm32f0xx_it.o
                0x0000000008001a62                PendSV_Handler
 .text.SysTick_Handler
                0x0000000008001a6c        0xe ./Core/Src/stm32f0xx_it.o
                0x0000000008001a6c                SysTick_Handler
 .text._read    0x0000000008001a7a       0x3a ./Core/Src/syscalls.o
                0x0000000008001a7a                _read
 .text._close   0x0000000008001ab4       0x14 ./Core/Src/syscalls.o
                0x0000000008001ab4                _close
 .text._fstat   0x0000000008001ac8       0x1c ./Core/Src/syscalls.o
                0x0000000008001ac8                _fstat
 .text._isatty  0x0000000008001ae4       0x12 ./Core/Src/syscalls.o
                0x0000000008001ae4                _isatty
 .text._lseek   0x0000000008001af6       0x16 ./Core/Src/syscalls.o
                0x0000000008001af6                _lseek
 .text._sbrk    0x0000000008001b0c       0x6c ./Core/Src/sysmem.o
                0x0000000008001b0c                _sbrk
 .text.SystemInit
                0x0000000008001b78        0xa ./Core/Src/system_stm32f0xx.o
                0x0000000008001b78                SystemInit
 *fill*         0x0000000008001b82        0x2 
 .text.Reset_Handler
                0x0000000008001b84       0x50 ./Core/Startup/startup_stm32f030r8tx.o
                0x0000000008001b84                Reset_Handler
 .text.Default_Handler
                0x0000000008001bd4        0x2 ./Core/Startup/startup_stm32f030r8tx.o
                0x0000000008001bd4                TIM1_CC_IRQHandler
                0x0000000008001bd4                TIM6_IRQHandler
                0x0000000008001bd4                I2C1_IRQHandler
                0x0000000008001bd4                SPI1_IRQHandler
                0x0000000008001bd4                EXTI2_3_IRQHandler
                0x0000000008001bd4                ADC1_IRQHandler
                0x0000000008001bd4                I2C2_IRQHandler
                0x0000000008001bd4                TIM17_IRQHandler
                0x0000000008001bd4                RTC_IRQHandler
                0x0000000008001bd4                TIM16_IRQHandler
                0x0000000008001bd4                TIM3_IRQHandler
                0x0000000008001bd4                EXTI4_15_IRQHandler
                0x0000000008001bd4                RCC_IRQHandler
                0x0000000008001bd4                DMA1_Channel1_IRQHandler
                0x0000000008001bd4                Default_Handler
                0x0000000008001bd4                TIM14_IRQHandler
                0x0000000008001bd4                DMA1_Channel4_5_IRQHandler
                0x0000000008001bd4                TIM15_IRQHandler
                0x0000000008001bd4                EXTI0_1_IRQHandler
                0x0000000008001bd4                SPI2_IRQHandler
                0x0000000008001bd4                WWDG_IRQHandler
                0x0000000008001bd4                DMA1_Channel2_3_IRQHandler
                0x0000000008001bd4                USART2_IRQHandler
                0x0000000008001bd4                FLASH_IRQHandler
                0x0000000008001bd4                USART1_IRQHandler
                0x0000000008001bd4                TIM1_BRK_UP_TRG_COM_IRQHandler
 *fill*         0x0000000008001bd6        0x2 
 .text.HAL_Init
                0x0000000008001bd8       0x28 ./Drivers/STM32F0xx_HAL_Driver/Src/stm32f0xx_hal.o
                0x0000000008001bd8                HAL_Init
 .text.HAL_InitTick
                0x0000000008001c00       0x68 ./Drivers/STM32F0xx_HAL_Driver/Src/stm32f0xx_hal.o
                0x0000000008001c00                HAL_InitTick
 .text.HAL_IncTick
                0x0000000008001c68       0x24 ./Drivers/STM32F0xx_HAL_Driver/Src/stm32f0xx_hal.o
                0x0000000008001c68                HAL_IncTick
 .text.HAL_GetTick
                0x0000000008001c8c       0x14 ./Drivers/STM32F0xx_HAL_Driver/Src/stm32f0xx_hal.o
                0x0000000008001c8c                HAL_GetTick
 .text.HAL_Delay
                0x0000000008001ca0       0x48 ./Drivers/STM32F0xx_HAL_Driver/Src/stm32f0xx_hal.o
                0x0000000008001ca0                HAL_Delay
 .text.__NVIC_SetPriority
                0x0000000008001ce8       0xdc ./Drivers/STM32F0xx_HAL_Driver/Src/stm32f0xx_hal_cortex.o
 .text.SysTick_Config
                0x0000000008001dc4       0x48 ./Drivers/STM32F0xx_HAL_Driver/Src/stm32f0xx_hal_cortex.o
 .text.HAL_NVIC_SetPriority
                0x0000000008001e0c       0x2a ./Drivers/STM32F0xx_HAL_Driver/Src/stm32f0xx_hal_cortex.o
                0x0000000008001e0c                HAL_NVIC_SetPriority
 .text.HAL_SYSTICK_Config
                0x0000000008001e36       0x1a ./Drivers/STM32F0xx_HAL_Driver/Src/stm32f0xx_hal_cortex.o
                0x0000000008001e36                HAL_SYSTICK_Config
 .text.HAL_GPIO_Init
                0x0000000008001e50      0x2e0 ./Drivers/STM32F0xx_HAL_Driver/Src/stm32f0xx_hal_gpio.o
                0x0000000008001e50                HAL_GPIO_Init
 .text.HAL_GPIO_WritePin
                0x0000000008002130       0x3a ./Drivers/STM32F0xx_HAL_Driver/Src/stm32f0xx_hal_gpio.o
                0x0000000008002130                HAL_GPIO_WritePin
 *fill*         0x000000000800216a        0x2 
 .text.HAL_RCC_OscConfig
                0x000000000800216c      0x634 ./Drivers/STM32F0xx_HAL_Driver/Src/stm32f0xx_hal_rcc.o
                0x000000000800216c                HAL_RCC_OscConfig
 .text.HAL_RCC_ClockConfig
                0x00000000080027a0      0x19c ./Drivers/STM32F0xx_HAL_Driver/Src/stm32f0xx_hal_rcc.o
                0x00000000080027a0                HAL_RCC_ClockConfig
 .text.HAL_RCC_GetSysClockFreq
                0x000000000800293c       0xc8 ./Drivers/STM32F0xx_HAL_Driver/Src/stm32f0xx_hal_rcc.o
                0x000000000800293c                HAL_RCC_GetSysClockFreq
 .text.HAL_RCC_GetHCLKFreq
                0x0000000008002a04       0x14 ./Drivers/STM32F0xx_HAL_Driver/Src/stm32f0xx_hal_rcc.o
                0x0000000008002a04                HAL_RCC_GetHCLKFreq
 .text.HAL_RCC_GetPCLK1Freq
                0x0000000008002a18       0x2c ./Drivers/STM32F0xx_HAL_Driver/Src/stm32f0xx_hal_rcc.o
                0x0000000008002a18                HAL_RCC_GetPCLK1Freq
 .text.HAL_SPI_Init
                0x0000000008002a44      0x170 ./Drivers/STM32F0xx_HAL_Driver/Src/stm32f0xx_hal_spi.o
                0x0000000008002a44                HAL_SPI_Init
 .text.HAL_SPI_Transmit
                0x0000000008002bb4      0x2b0 ./Drivers/STM32F0xx_HAL_Driver/Src/stm32f0xx_hal_spi.o
                0x0000000008002bb4                HAL_SPI_Transmit
 .text.HAL_SPI_Receive
                0x0000000008002e64      0x298 ./Drivers/STM32F0xx_HAL_Driver/Src/stm32f0xx_hal_spi.o
                0x0000000008002e64                HAL_SPI_Receive
 .text.HAL_SPI_TransmitReceive
                0x00000000080030fc      0x3a4 ./Drivers/STM32F0xx_HAL_Driver/Src/stm32f0xx_hal_spi.o
                0x00000000080030fc                HAL_SPI_TransmitReceive
 .text.SPI_WaitFlagStateUntilTimeout
                0x00000000080034a0      0x11c ./Drivers/STM32F0xx_HAL_Driver/Src/stm32f0xx_hal_spi.o
 .text.SPI_WaitFifoStateUntilTimeout
                0x00000000080035bc      0x144 ./Drivers/STM32F0xx_HAL_Driver/Src/stm32f0xx_hal_spi.o
 .text.SPI_EndRxTransaction
                0x0000000008003700       0xbc ./Drivers/STM32F0xx_HAL_Driver/Src/stm32f0xx_hal_spi.o
 .text.SPI_EndRxTxTransaction
                0x00000000080037bc       0x8c ./Drivers/STM32F0xx_HAL_Driver/Src/stm32f0xx_hal_spi.o
 .text.HAL_UART_Init
                0x0000000008003848       0xa8 ./Drivers/STM32F0xx_HAL_Driver/Src/stm32f0xx_hal_uart.o
                0x0000000008003848                HAL_UART_Init
 .text.HAL_UART_Transmit
                0x00000000080038f0      0x152 ./Drivers/STM32F0xx_HAL_Driver/Src/stm32f0xx_hal_uart.o
                0x00000000080038f0                HAL_UART_Transmit
 *fill*         0x0000000008003a42        0x2 
 .text.UART_SetConfig
                0x0000000008003a44      0x280 ./Drivers/STM32F0xx_HAL_Driver/Src/stm32f0xx_hal_uart.o
                0x0000000008003a44                UART_SetConfig
 .text.UART_AdvFeatureConfig
                0x0000000008003cc4      0x168 ./Drivers/STM32F0xx_HAL_Driver/Src/stm32f0xx_hal_uart.o
                0x0000000008003cc4                UART_AdvFeatureConfig
 .text.UART_CheckIdleState
                0x0000000008003e2c       0x90 ./Drivers/STM32F0xx_HAL_Driver/Src/stm32f0xx_hal_uart.o
                0x0000000008003e2c                UART_CheckIdleState
 .text.UART_WaitOnFlagUntilTimeout
                0x0000000008003ebc      0x188 ./Drivers/STM32F0xx_HAL_Driver/Src/stm32f0xx_hal_uart.o
                0x0000000008003ebc                UART_WaitOnFlagUntilTimeout
 .text.__errno  0x0000000008004044        0xc c:/st/stm32cubeide_1.7.0/stm32cubeide/plugins/com.st.stm32cube.ide.mcu.externaltools.gnu-tools-for-stm32.9-2020-q2-update.win32_2.0.0.202105311346/tools/bin/../lib/gcc/arm-none-eabi/9.3.1/../../../../arm-none-eabi/lib/thumb/v6-m/nofp\libc_nano.a(lib_a-errno.o)
                0x0000000008004044                __errno
 .text.__libc_init_array
                0x0000000008004050       0x48 c:/st/stm32cubeide_1.7.0/stm32cubeide/plugins/com.st.stm32cube.ide.mcu.externaltools.gnu-tools-for-stm32.9-2020-q2-update.win32_2.0.0.202105311346/tools/bin/../lib/gcc/arm-none-eabi/9.3.1/../../../../arm-none-eabi/lib/thumb/v6-m/nofp\libc_nano.a(lib_a-init.o)
                0x0000000008004050                __libc_init_array
 .text.memcpy   0x0000000008004098       0x12 c:/st/stm32cubeide_1.7.0/stm32cubeide/plugins/com.st.stm32cube.ide.mcu.externaltools.gnu-tools-for-stm32.9-2020-q2-update.win32_2.0.0.202105311346/tools/bin/../lib/gcc/arm-none-eabi/9.3.1/../../../../arm-none-eabi/lib/thumb/v6-m/nofp\libc_nano.a(lib_a-memcpy-stub.o)
                0x0000000008004098                memcpy
 .text.memset   0x00000000080040aa       0x10 c:/st/stm32cubeide_1.7.0/stm32cubeide/plugins/com.st.stm32cube.ide.mcu.externaltools.gnu-tools-for-stm32.9-2020-q2-update.win32_2.0.0.202105311346/tools/bin/../lib/gcc/arm-none-eabi/9.3.1/../../../../arm-none-eabi/lib/thumb/v6-m/nofp\libc_nano.a(lib_a-memset.o)
                0x00000000080040aa                memset
 *fill*         0x00000000080040ba        0x2 
 .text.printf   0x00000000080040bc       0x34 c:/st/stm32cubeide_1.7.0/stm32cubeide/plugins/com.st.stm32cube.ide.mcu.externaltools.gnu-tools-for-stm32.9-2020-q2-update.win32_2.0.0.202105311346/tools/bin/../lib/gcc/arm-none-eabi/9.3.1/../../../../arm-none-eabi/lib/thumb/v6-m/nofp\libc_nano.a(lib_a-printf.o)
                0x00000000080040bc                iprintf
                0x00000000080040bc                printf
 .text.sprintf  0x00000000080040f0       0x40 c:/st/stm32cubeide_1.7.0/stm32cubeide/plugins/com.st.stm32cube.ide.mcu.externaltools.gnu-tools-for-stm32.9-2020-q2-update.win32_2.0.0.202105311346/tools/bin/../lib/gcc/arm-none-eabi/9.3.1/../../../../arm-none-eabi/lib/thumb/v6-m/nofp\libc_nano.a(lib_a-sprintf.o)
                0x00000000080040f0                siprintf
                0x00000000080040f0                sprintf
 .text.std      0x0000000008004130       0x48 c:/st/stm32cubeide_1.7.0/stm32cubeide/plugins/com.st.stm32cube.ide.mcu.externaltools.gnu-tools-for-stm32.9-2020-q2-update.win32_2.0.0.202105311346/tools/bin/../lib/gcc/arm-none-eabi/9.3.1/../../../../arm-none-eabi/lib/thumb/v6-m/nofp\libc_nano.a(lib_a-findfp.o)
 .text._cleanup_r
                0x0000000008004178       0x10 c:/st/stm32cubeide_1.7.0/stm32cubeide/plugins/com.st.stm32cube.ide.mcu.externaltools.gnu-tools-for-stm32.9-2020-q2-update.win32_2.0.0.202105311346/tools/bin/../lib/gcc/arm-none-eabi/9.3.1/../../../../arm-none-eabi/lib/thumb/v6-m/nofp\libc_nano.a(lib_a-findfp.o)
                0x0000000008004178                _cleanup_r
 .text.__sfmoreglue
                0x0000000008004188       0x2c c:/st/stm32cubeide_1.7.0/stm32cubeide/plugins/com.st.stm32cube.ide.mcu.externaltools.gnu-tools-for-stm32.9-2020-q2-update.win32_2.0.0.202105311346/tools/bin/../lib/gcc/arm-none-eabi/9.3.1/../../../../arm-none-eabi/lib/thumb/v6-m/nofp\libc_nano.a(lib_a-findfp.o)
                0x0000000008004188                __sfmoreglue
 .text.__sfp_lock_acquire
                0x00000000080041b4       0x10 c:/st/stm32cubeide_1.7.0/stm32cubeide/plugins/com.st.stm32cube.ide.mcu.externaltools.gnu-tools-for-stm32.9-2020-q2-update.win32_2.0.0.202105311346/tools/bin/../lib/gcc/arm-none-eabi/9.3.1/../../../../arm-none-eabi/lib/thumb/v6-m/nofp\libc_nano.a(lib_a-findfp.o)
                0x00000000080041b4                __sfp_lock_acquire
 .text.__sfp_lock_release
                0x00000000080041c4       0x10 c:/st/stm32cubeide_1.7.0/stm32cubeide/plugins/com.st.stm32cube.ide.mcu.externaltools.gnu-tools-for-stm32.9-2020-q2-update.win32_2.0.0.202105311346/tools/bin/../lib/gcc/arm-none-eabi/9.3.1/../../../../arm-none-eabi/lib/thumb/v6-m/nofp\libc_nano.a(lib_a-findfp.o)
                0x00000000080041c4                __sfp_lock_release
 .text.__sinit_lock_acquire
                0x00000000080041d4       0x10 c:/st/stm32cubeide_1.7.0/stm32cubeide/plugins/com.st.stm32cube.ide.mcu.externaltools.gnu-tools-for-stm32.9-2020-q2-update.win32_2.0.0.202105311346/tools/bin/../lib/gcc/arm-none-eabi/9.3.1/../../../../arm-none-eabi/lib/thumb/v6-m/nofp\libc_nano.a(lib_a-findfp.o)
                0x00000000080041d4                __sinit_lock_acquire
 .text.__sinit_lock_release
                0x00000000080041e4       0x10 c:/st/stm32cubeide_1.7.0/stm32cubeide/plugins/com.st.stm32cube.ide.mcu.externaltools.gnu-tools-for-stm32.9-2020-q2-update.win32_2.0.0.202105311346/tools/bin/../lib/gcc/arm-none-eabi/9.3.1/../../../../arm-none-eabi/lib/thumb/v6-m/nofp\libc_nano.a(lib_a-findfp.o)
                0x00000000080041e4                __sinit_lock_release
 .text.__sinit  0x00000000080041f4       0x70 c:/st/stm32cubeide_1.7.0/stm32cubeide/plugins/com.st.stm32cube.ide.mcu.externaltools.gnu-tools-for-stm32.9-2020-q2-update.win32_2.0.0.202105311346/tools/bin/../lib/gcc/arm-none-eabi/9.3.1/../../../../arm-none-eabi/lib/thumb/v6-m/nofp\libc_nano.a(lib_a-findfp.o)
                0x00000000080041f4                __sinit
 .text.__sfp    0x0000000008004264       0x90 c:/st/stm32cubeide_1.7.0/stm32cubeide/plugins/com.st.stm32cube.ide.mcu.externaltools.gnu-tools-for-stm32.9-2020-q2-update.win32_2.0.0.202105311346/tools/bin/../lib/gcc/arm-none-eabi/9.3.1/../../../../arm-none-eabi/lib/thumb/v6-m/nofp\libc_nano.a(lib_a-findfp.o)
                0x0000000008004264                __sfp
 .text._fwalk_reent
                0x00000000080042f4       0x40 c:/st/stm32cubeide_1.7.0/stm32cubeide/plugins/com.st.stm32cube.ide.mcu.externaltools.gnu-tools-for-stm32.9-2020-q2-update.win32_2.0.0.202105311346/tools/bin/../lib/gcc/arm-none-eabi/9.3.1/../../../../arm-none-eabi/lib/thumb/v6-m/nofp\libc_nano.a(lib_a-fwalk.o)
                0x00000000080042f4                _fwalk_reent
 .text.__retarget_lock_init_recursive
                0x0000000008004334        0x2 c:/st/stm32cubeide_1.7.0/stm32cubeide/plugins/com.st.stm32cube.ide.mcu.externaltools.gnu-tools-for-stm32.9-2020-q2-update.win32_2.0.0.202105311346/tools/bin/../lib/gcc/arm-none-eabi/9.3.1/../../../../arm-none-eabi/lib/thumb/v6-m/nofp\libc_nano.a(lib_a-lock.o)
                0x0000000008004334                __retarget_lock_init_recursive
 .text.__retarget_lock_acquire_recursive
                0x0000000008004336        0x2 c:/st/stm32cubeide_1.7.0/stm32cubeide/plugins/com.st.stm32cube.ide.mcu.externaltools.gnu-tools-for-stm32.9-2020-q2-update.win32_2.0.0.202105311346/tools/bin/../lib/gcc/arm-none-eabi/9.3.1/../../../../arm-none-eabi/lib/thumb/v6-m/nofp\libc_nano.a(lib_a-lock.o)
                0x0000000008004336                __retarget_lock_acquire_recursive
 .text.__retarget_lock_release_recursive
                0x0000000008004338        0x2 c:/st/stm32cubeide_1.7.0/stm32cubeide/plugins/com.st.stm32cube.ide.mcu.externaltools.gnu-tools-for-stm32.9-2020-q2-update.win32_2.0.0.202105311346/tools/bin/../lib/gcc/arm-none-eabi/9.3.1/../../../../arm-none-eabi/lib/thumb/v6-m/nofp\libc_nano.a(lib_a-lock.o)
                0x0000000008004338                __retarget_lock_release_recursive
 *fill*         0x000000000800433a        0x2 
 .text._malloc_r
                0x000000000800433c       0xbc c:/st/stm32cubeide_1.7.0/stm32cubeide/plugins/com.st.stm32cube.ide.mcu.externaltools.gnu-tools-for-stm32.9-2020-q2-update.win32_2.0.0.202105311346/tools/bin/../lib/gcc/arm-none-eabi/9.3.1/../../../../arm-none-eabi/lib/thumb/v6-m/nofp\libc_nano.a(lib_a-nano-mallocr.o)
                0x000000000800433c                _malloc_r
 .text.__ssputs_r
                0x00000000080043f8       0xc4 c:/st/stm32cubeide_1.7.0/stm32cubeide/plugins/com.st.stm32cube.ide.mcu.externaltools.gnu-tools-for-stm32.9-2020-q2-update.win32_2.0.0.202105311346/tools/bin/../lib/gcc/arm-none-eabi/9.3.1/../../../../arm-none-eabi/lib/thumb/v6-m/nofp\libc_nano.a(lib_a-nano-svfprintf.o)
                0x00000000080043f8                __ssputs_r
 .text._svfprintf_r
                0x00000000080044bc      0x200 c:/st/stm32cubeide_1.7.0/stm32cubeide/plugins/com.st.stm32cube.ide.mcu.externaltools.gnu-tools-for-stm32.9-2020-q2-update.win32_2.0.0.202105311346/tools/bin/../lib/gcc/arm-none-eabi/9.3.1/../../../../arm-none-eabi/lib/thumb/v6-m/nofp\libc_nano.a(lib_a-nano-svfprintf.o)
                0x00000000080044bc                _svfiprintf_r
                0x00000000080044bc                _svfprintf_r
 .text.__sfputc_r
                0x00000000080046bc       0x2a c:/st/stm32cubeide_1.7.0/stm32cubeide/plugins/com.st.stm32cube.ide.mcu.externaltools.gnu-tools-for-stm32.9-2020-q2-update.win32_2.0.0.202105311346/tools/bin/../lib/gcc/arm-none-eabi/9.3.1/../../../../arm-none-eabi/lib/thumb/v6-m/nofp\libc_nano.a(lib_a-nano-vfprintf.o)
 .text.__sfputs_r
                0x00000000080046e6       0x24 c:/st/stm32cubeide_1.7.0/stm32cubeide/plugins/com.st.stm32cube.ide.mcu.externaltools.gnu-tools-for-stm32.9-2020-q2-update.win32_2.0.0.202105311346/tools/bin/../lib/gcc/arm-none-eabi/9.3.1/../../../../arm-none-eabi/lib/thumb/v6-m/nofp\libc_nano.a(lib_a-nano-vfprintf.o)
                0x00000000080046e6                __sfputs_r
 *fill*         0x000000000800470a        0x2 
 .text._vfprintf_r
                0x000000000800470c      0x274 c:/st/stm32cubeide_1.7.0/stm32cubeide/plugins/com.st.stm32cube.ide.mcu.externaltools.gnu-tools-for-stm32.9-2020-q2-update.win32_2.0.0.202105311346/tools/bin/../lib/gcc/arm-none-eabi/9.3.1/../../../../arm-none-eabi/lib/thumb/v6-m/nofp\libc_nano.a(lib_a-nano-vfprintf.o)
                0x000000000800470c                _vfprintf_r
                0x000000000800470c                _vfiprintf_r
 .text._printf_common
                0x0000000008004980       0xde c:/st/stm32cubeide_1.7.0/stm32cubeide/plugins/com.st.stm32cube.ide.mcu.externaltools.gnu-tools-for-stm32.9-2020-q2-update.win32_2.0.0.202105311346/tools/bin/../lib/gcc/arm-none-eabi/9.3.1/../../../../arm-none-eabi/lib/thumb/v6-m/nofp\libc_nano.a(lib_a-nano-vfprintf_i.o)
                0x0000000008004980                _printf_common
 *fill*         0x0000000008004a5e        0x2 
 .text._printf_i
                0x0000000008004a60      0x224 c:/st/stm32cubeide_1.7.0/stm32cubeide/plugins/com.st.stm32cube.ide.mcu.externaltools.gnu-tools-for-stm32.9-2020-q2-update.win32_2.0.0.202105311346/tools/bin/../lib/gcc/arm-none-eabi/9.3.1/../../../../arm-none-eabi/lib/thumb/v6-m/nofp\libc_nano.a(lib_a-nano-vfprintf_i.o)
                0x0000000008004a60                _printf_i
 .text._sbrk_r  0x0000000008004c84       0x24 c:/st/stm32cubeide_1.7.0/stm32cubeide/plugins/com.st.stm32cube.ide.mcu.externaltools.gnu-tools-for-stm32.9-2020-q2-update.win32_2.0.0.202105311346/tools/bin/../lib/gcc/arm-none-eabi/9.3.1/../../../../arm-none-eabi/lib/thumb/v6-m/nofp\libc_nano.a(lib_a-sbrkr.o)
                0x0000000008004c84                _sbrk_r
 .text.__sread  0x0000000008004ca8       0x28 c:/st/stm32cubeide_1.7.0/stm32cubeide/plugins/com.st.stm32cube.ide.mcu.externaltools.gnu-tools-for-stm32.9-2020-q2-update.win32_2.0.0.202105311346/tools/bin/../lib/gcc/arm-none-eabi/9.3.1/../../../../arm-none-eabi/lib/thumb/v6-m/nofp\libc_nano.a(lib_a-stdio.o)
                0x0000000008004ca8                __sread
 .text.__swrite
                0x0000000008004cd0       0x38 c:/st/stm32cubeide_1.7.0/stm32cubeide/plugins/com.st.stm32cube.ide.mcu.externaltools.gnu-tools-for-stm32.9-2020-q2-update.win32_2.0.0.202105311346/tools/bin/../lib/gcc/arm-none-eabi/9.3.1/../../../../arm-none-eabi/lib/thumb/v6-m/nofp\libc_nano.a(lib_a-stdio.o)
                0x0000000008004cd0                __swrite
 .text.__sseek  0x0000000008004d08       0x2c c:/st/stm32cubeide_1.7.0/stm32cubeide/plugins/com.st.stm32cube.ide.mcu.externaltools.gnu-tools-for-stm32.9-2020-q2-update.win32_2.0.0.202105311346/tools/bin/../lib/gcc/arm-none-eabi/9.3.1/../../../../arm-none-eabi/lib/thumb/v6-m/nofp\libc_nano.a(lib_a-stdio.o)
                0x0000000008004d08                __sseek
 .text.__sclose
                0x0000000008004d34        0xc c:/st/stm32cubeide_1.7.0/stm32cubeide/plugins/com.st.stm32cube.ide.mcu.externaltools.gnu-tools-for-stm32.9-2020-q2-update.win32_2.0.0.202105311346/tools/bin/../lib/gcc/arm-none-eabi/9.3.1/../../../../arm-none-eabi/lib/thumb/v6-m/nofp\libc_nano.a(lib_a-stdio.o)
                0x0000000008004d34                __sclose
 .text.__swbuf_r
                0x0000000008004d40       0xac c:/st/stm32cubeide_1.7.0/stm32cubeide/plugins/com.st.stm32cube.ide.mcu.externaltools.gnu-tools-for-stm32.9-2020-q2-update.win32_2.0.0.202105311346/tools/bin/../lib/gcc/arm-none-eabi/9.3.1/../../../../arm-none-eabi/lib/thumb/v6-m/nofp\libc_nano.a(lib_a-wbuf.o)
                0x0000000008004d40                __swbuf_r
 .text._write_r
                0x0000000008004dec       0x28 c:/st/stm32cubeide_1.7.0/stm32cubeide/plugins/com.st.stm32cube.ide.mcu.externaltools.gnu-tools-for-stm32.9-2020-q2-update.win32_2.0.0.202105311346/tools/bin/../lib/gcc/arm-none-eabi/9.3.1/../../../../arm-none-eabi/lib/thumb/v6-m/nofp\libc_nano.a(lib_a-writer.o)
                0x0000000008004dec                _write_r
 .text.__swsetup_r
                0x0000000008004e14       0xf0 c:/st/stm32cubeide_1.7.0/stm32cubeide/plugins/com.st.stm32cube.ide.mcu.externaltools.gnu-tools-for-stm32.9-2020-q2-update.win32_2.0.0.202105311346/tools/bin/../lib/gcc/arm-none-eabi/9.3.1/../../../../arm-none-eabi/lib/thumb/v6-m/nofp\libc_nano.a(lib_a-wsetup.o)
                0x0000000008004e14                __swsetup_r
 .text._close_r
                0x0000000008004f04       0x24 c:/st/stm32cubeide_1.7.0/stm32cubeide/plugins/com.st.stm32cube.ide.mcu.externaltools.gnu-tools-for-stm32.9-2020-q2-update.win32_2.0.0.202105311346/tools/bin/../lib/gcc/arm-none-eabi/9.3.1/../../../../arm-none-eabi/lib/thumb/v6-m/nofp\libc_nano.a(lib_a-closer.o)
                0x0000000008004f04                _close_r
 .text.__sflush_r
                0x0000000008004f28      0x118 c:/st/stm32cubeide_1.7.0/stm32cubeide/plugins/com.st.stm32cube.ide.mcu.externaltools.gnu-tools-for-stm32.9-2020-q2-update.win32_2.0.0.202105311346/tools/bin/../lib/gcc/arm-none-eabi/9.3.1/../../../../arm-none-eabi/lib/thumb/v6-m/nofp\libc_nano.a(lib_a-fflush.o)
                0x0000000008004f28                __sflush_r
 .text._fflush_r
                0x0000000008005040       0x80 c:/st/stm32cubeide_1.7.0/stm32cubeide/plugins/com.st.stm32cube.ide.mcu.externaltools.gnu-tools-for-stm32.9-2020-q2-update.win32_2.0.0.202105311346/tools/bin/../lib/gcc/arm-none-eabi/9.3.1/../../../../arm-none-eabi/lib/thumb/v6-m/nofp\libc_nano.a(lib_a-fflush.o)
                0x0000000008005040                _fflush_r
 .text._lseek_r
                0x00000000080050c0       0x28 c:/st/stm32cubeide_1.7.0/stm32cubeide/plugins/com.st.stm32cube.ide.mcu.externaltools.gnu-tools-for-stm32.9-2020-q2-update.win32_2.0.0.202105311346/tools/bin/../lib/gcc/arm-none-eabi/9.3.1/../../../../arm-none-eabi/lib/thumb/v6-m/nofp\libc_nano.a(lib_a-lseekr.o)
                0x00000000080050c0                _lseek_r
 .text.__swhatbuf_r
                0x00000000080050e8       0x50 c:/st/stm32cubeide_1.7.0/stm32cubeide/plugins/com.st.stm32cube.ide.mcu.externaltools.gnu-tools-for-stm32.9-2020-q2-update.win32_2.0.0.202105311346/tools/bin/../lib/gcc/arm-none-eabi/9.3.1/../../../../arm-none-eabi/lib/thumb/v6-m/nofp\libc_nano.a(lib_a-makebuf.o)
                0x00000000080050e8                __swhatbuf_r
 .text.__smakebuf_r
                0x0000000008005138       0x88 c:/st/stm32cubeide_1.7.0/stm32cubeide/plugins/com.st.stm32cube.ide.mcu.externaltools.gnu-tools-for-stm32.9-2020-q2-update.win32_2.0.0.202105311346/tools/bin/../lib/gcc/arm-none-eabi/9.3.1/../../../../arm-none-eabi/lib/thumb/v6-m/nofp\libc_nano.a(lib_a-makebuf.o)
                0x0000000008005138                __smakebuf_r
 .text.memchr   0x00000000080051c0       0x16 c:/st/stm32cubeide_1.7.0/stm32cubeide/plugins/com.st.stm32cube.ide.mcu.externaltools.gnu-tools-for-stm32.9-2020-q2-update.win32_2.0.0.202105311346/tools/bin/../lib/gcc/arm-none-eabi/9.3.1/../../../../arm-none-eabi/lib/thumb/v6-m/nofp\libc_nano.a(lib_a-memchr-stub.o)
                0x00000000080051c0                memchr
 .text.memmove  0x00000000080051d6       0x26 c:/st/stm32cubeide_1.7.0/stm32cubeide/plugins/com.st.stm32cube.ide.mcu.externaltools.gnu-tools-for-stm32.9-2020-q2-update.win32_2.0.0.202105311346/tools/bin/../lib/gcc/arm-none-eabi/9.3.1/../../../../arm-none-eabi/lib/thumb/v6-m/nofp\libc_nano.a(lib_a-memmove.o)
                0x00000000080051d6                memmove
 .text.__malloc_lock
                0x00000000080051fc       0x10 c:/st/stm32cubeide_1.7.0/stm32cubeide/plugins/com.st.stm32cube.ide.mcu.externaltools.gnu-tools-for-stm32.9-2020-q2-update.win32_2.0.0.202105311346/tools/bin/../lib/gcc/arm-none-eabi/9.3.1/../../../../arm-none-eabi/lib/thumb/v6-m/nofp\libc_nano.a(lib_a-mlock.o)
                0x00000000080051fc                __malloc_lock
 .text.__malloc_unlock
                0x000000000800520c       0x10 c:/st/stm32cubeide_1.7.0/stm32cubeide/plugins/com.st.stm32cube.ide.mcu.externaltools.gnu-tools-for-stm32.9-2020-q2-update.win32_2.0.0.202105311346/tools/bin/../lib/gcc/arm-none-eabi/9.3.1/../../../../arm-none-eabi/lib/thumb/v6-m/nofp\libc_nano.a(lib_a-mlock.o)
                0x000000000800520c                __malloc_unlock
 .text._free_r  0x000000000800521c       0x94 c:/st/stm32cubeide_1.7.0/stm32cubeide/plugins/com.st.stm32cube.ide.mcu.externaltools.gnu-tools-for-stm32.9-2020-q2-update.win32_2.0.0.202105311346/tools/bin/../lib/gcc/arm-none-eabi/9.3.1/../../../../arm-none-eabi/lib/thumb/v6-m/nofp\libc_nano.a(lib_a-nano-freer.o)
                0x000000000800521c                _free_r
 .text._realloc_r
                0x00000000080052b0       0x4c c:/st/stm32cubeide_1.7.0/stm32cubeide/plugins/com.st.stm32cube.ide.mcu.externaltools.gnu-tools-for-stm32.9-2020-q2-update.win32_2.0.0.202105311346/tools/bin/../lib/gcc/arm-none-eabi/9.3.1/../../../../arm-none-eabi/lib/thumb/v6-m/nofp\libc_nano.a(lib_a-nano-reallocr.o)
                0x00000000080052b0                _realloc_r
 .text._read_r  0x00000000080052fc       0x28 c:/st/stm32cubeide_1.7.0/stm32cubeide/plugins/com.st.stm32cube.ide.mcu.externaltools.gnu-tools-for-stm32.9-2020-q2-update.win32_2.0.0.202105311346/tools/bin/../lib/gcc/arm-none-eabi/9.3.1/../../../../arm-none-eabi/lib/thumb/v6-m/nofp\libc_nano.a(lib_a-readr.o)
                0x00000000080052fc                _read_r
 .text._fstat_r
                0x0000000008005324       0x24 c:/st/stm32cubeide_1.7.0/stm32cubeide/plugins/com.st.stm32cube.ide.mcu.externaltools.gnu-tools-for-stm32.9-2020-q2-update.win32_2.0.0.202105311346/tools/bin/../lib/gcc/arm-none-eabi/9.3.1/../../../../arm-none-eabi/lib/thumb/v6-m/nofp\libc_nano.a(lib_a-fstatr.o)
                0x0000000008005324                _fstat_r
 .text._isatty_r
                0x0000000008005348       0x24 c:/st/stm32cubeide_1.7.0/stm32cubeide/plugins/com.st.stm32cube.ide.mcu.externaltools.gnu-tools-for-stm32.9-2020-q2-update.win32_2.0.0.202105311346/tools/bin/../lib/gcc/arm-none-eabi/9.3.1/../../../../arm-none-eabi/lib/thumb/v6-m/nofp\libc_nano.a(lib_a-isattyr.o)
                0x0000000008005348                _isatty_r
 .text._malloc_usable_size_r
                0x000000000800536c       0x10 c:/st/stm32cubeide_1.7.0/stm32cubeide/plugins/com.st.stm32cube.ide.mcu.externaltools.gnu-tools-for-stm32.9-2020-q2-update.win32_2.0.0.202105311346/tools/bin/../lib/gcc/arm-none-eabi/9.3.1/../../../../arm-none-eabi/lib/thumb/v6-m/nofp\libc_nano.a(lib_a-nano-msizer.o)
                0x000000000800536c                _malloc_usable_size_r
 *(.glue_7)
 .glue_7        0x000000000800537c        0x0 linker stubs
 *(.glue_7t)
 .glue_7t       0x000000000800537c        0x0 linker stubs
 *(.eh_frame)
 .eh_frame      0x000000000800537c        0x0 c:/st/stm32cubeide_1.7.0/stm32cubeide/plugins/com.st.stm32cube.ide.mcu.externaltools.gnu-tools-for-stm32.9-2020-q2-update.win32_2.0.0.202105311346/tools/bin/../lib/gcc/arm-none-eabi/9.3.1/thumb/v6-m/nofp/crtbegin.o
 *(.init)
 .init          0x000000000800537c        0x4 c:/st/stm32cubeide_1.7.0/stm32cubeide/plugins/com.st.stm32cube.ide.mcu.externaltools.gnu-tools-for-stm32.9-2020-q2-update.win32_2.0.0.202105311346/tools/bin/../lib/gcc/arm-none-eabi/9.3.1/thumb/v6-m/nofp/crti.o
                0x000000000800537c                _init
 .init          0x0000000008005380        0x8 c:/st/stm32cubeide_1.7.0/stm32cubeide/plugins/com.st.stm32cube.ide.mcu.externaltools.gnu-tools-for-stm32.9-2020-q2-update.win32_2.0.0.202105311346/tools/bin/../lib/gcc/arm-none-eabi/9.3.1/thumb/v6-m/nofp/crtn.o
 *(.fini)
 .fini          0x0000000008005388        0x4 c:/st/stm32cubeide_1.7.0/stm32cubeide/plugins/com.st.stm32cube.ide.mcu.externaltools.gnu-tools-for-stm32.9-2020-q2-update.win32_2.0.0.202105311346/tools/bin/../lib/gcc/arm-none-eabi/9.3.1/thumb/v6-m/nofp/crti.o
                0x0000000008005388                _fini
 .fini          0x000000000800538c        0x8 c:/st/stm32cubeide_1.7.0/stm32cubeide/plugins/com.st.stm32cube.ide.mcu.externaltools.gnu-tools-for-stm32.9-2020-q2-update.win32_2.0.0.202105311346/tools/bin/../lib/gcc/arm-none-eabi/9.3.1/thumb/v6-m/nofp/crtn.o
                0x0000000008005394                . = ALIGN (0x4)
                0x0000000008005394                _etext = .

.vfp11_veneer   0x0000000008005394        0x0
 .vfp11_veneer  0x0000000008005394        0x0 linker stubs

.v4_bx          0x0000000008005394        0x0
 .v4_bx         0x0000000008005394        0x0 linker stubs

.iplt           0x0000000008005394        0x0
 .iplt          0x0000000008005394        0x0 c:/st/stm32cubeide_1.7.0/stm32cubeide/plugins/com.st.stm32cube.ide.mcu.externaltools.gnu-tools-for-stm32.9-2020-q2-update.win32_2.0.0.202105311346/tools/bin/../lib/gcc/arm-none-eabi/9.3.1/thumb/v6-m/nofp/crtbegin.o

.rodata         0x0000000008005394      0x62c
                0x0000000008005394                . = ALIGN (0x4)
 *(.rodata)
 .rodata        0x0000000008005394      0x541 ./Core/Src/MY_NRF24.o
 *fill*         0x00000000080058d5        0x3 
 .rodata        0x00000000080058d8        0x6 ./Core/Src/main.o
 *fill*         0x00000000080058de        0x2 
 .rodata        0x00000000080058e0       0x20 ./Drivers/STM32F0xx_HAL_Driver/Src/stm32f0xx_hal_rcc.o
 *(.rodata*)
 .rodata.NRF24_ADDR_REGS
                0x0000000008005900        0x7 ./Core/Src/MY_NRF24.o
 *fill*         0x0000000008005907        0x1 
 .rodata.RF24_RX_PW_PIPE
                0x0000000008005908        0x6 ./Core/Src/MY_NRF24.o
 *fill*         0x000000000800590e        0x2 
 .rodata.AHBPrescTable
                0x0000000008005910       0x10 ./Core/Src/system_stm32f0xx.o
                0x0000000008005910                AHBPrescTable
 .rodata.APBPrescTable
                0x0000000008005920        0x8 ./Core/Src/system_stm32f0xx.o
                0x0000000008005920                APBPrescTable
 .rodata._global_impure_ptr
                0x0000000008005928        0x4 c:/st/stm32cubeide_1.7.0/stm32cubeide/plugins/com.st.stm32cube.ide.mcu.externaltools.gnu-tools-for-stm32.9-2020-q2-update.win32_2.0.0.202105311346/tools/bin/../lib/gcc/arm-none-eabi/9.3.1/../../../../arm-none-eabi/lib/thumb/v6-m/nofp\libc_nano.a(lib_a-impure.o)
                0x0000000008005928                _global_impure_ptr
 .rodata.__sf_fake_stderr
                0x000000000800592c       0x20 c:/st/stm32cubeide_1.7.0/stm32cubeide/plugins/com.st.stm32cube.ide.mcu.externaltools.gnu-tools-for-stm32.9-2020-q2-update.win32_2.0.0.202105311346/tools/bin/../lib/gcc/arm-none-eabi/9.3.1/../../../../arm-none-eabi/lib/thumb/v6-m/nofp\libc_nano.a(lib_a-findfp.o)
                0x000000000800592c                __sf_fake_stderr
 .rodata.__sf_fake_stdin
                0x000000000800594c       0x20 c:/st/stm32cubeide_1.7.0/stm32cubeide/plugins/com.st.stm32cube.ide.mcu.externaltools.gnu-tools-for-stm32.9-2020-q2-update.win32_2.0.0.202105311346/tools/bin/../lib/gcc/arm-none-eabi/9.3.1/../../../../arm-none-eabi/lib/thumb/v6-m/nofp\libc_nano.a(lib_a-findfp.o)
                0x000000000800594c                __sf_fake_stdin
 .rodata.__sf_fake_stdout
                0x000000000800596c       0x20 c:/st/stm32cubeide_1.7.0/stm32cubeide/plugins/com.st.stm32cube.ide.mcu.externaltools.gnu-tools-for-stm32.9-2020-q2-update.win32_2.0.0.202105311346/tools/bin/../lib/gcc/arm-none-eabi/9.3.1/../../../../arm-none-eabi/lib/thumb/v6-m/nofp\libc_nano.a(lib_a-findfp.o)
                0x000000000800596c                __sf_fake_stdout
 .rodata._svfprintf_r.str1.1
                0x000000000800598c       0x11 c:/st/stm32cubeide_1.7.0/stm32cubeide/plugins/com.st.stm32cube.ide.mcu.externaltools.gnu-tools-for-stm32.9-2020-q2-update.win32_2.0.0.202105311346/tools/bin/../lib/gcc/arm-none-eabi/9.3.1/../../../../arm-none-eabi/lib/thumb/v6-m/nofp\libc_nano.a(lib_a-nano-svfprintf.o)
 .rodata._vfprintf_r.str1.1
                0x000000000800599d       0x11 c:/st/stm32cubeide_1.7.0/stm32cubeide/plugins/com.st.stm32cube.ide.mcu.externaltools.gnu-tools-for-stm32.9-2020-q2-update.win32_2.0.0.202105311346/tools/bin/../lib/gcc/arm-none-eabi/9.3.1/../../../../arm-none-eabi/lib/thumb/v6-m/nofp\libc_nano.a(lib_a-nano-vfprintf.o)
 .rodata._printf_i.str1.1
                0x000000000800599d       0x22 c:/st/stm32cubeide_1.7.0/stm32cubeide/plugins/com.st.stm32cube.ide.mcu.externaltools.gnu-tools-for-stm32.9-2020-q2-update.win32_2.0.0.202105311346/tools/bin/../lib/gcc/arm-none-eabi/9.3.1/../../../../arm-none-eabi/lib/thumb/v6-m/nofp\libc_nano.a(lib_a-nano-vfprintf_i.o)
                0x00000000080059c0                . = ALIGN (0x4)
 *fill*         0x00000000080059bf        0x1 

.rel.dyn        0x00000000080059c0        0x0
 .rel.iplt      0x00000000080059c0        0x0 c:/st/stm32cubeide_1.7.0/stm32cubeide/plugins/com.st.stm32cube.ide.mcu.externaltools.gnu-tools-for-stm32.9-2020-q2-update.win32_2.0.0.202105311346/tools/bin/../lib/gcc/arm-none-eabi/9.3.1/thumb/v6-m/nofp/crtbegin.o

.ARM.extab      0x00000000080059c0        0x0
                0x00000000080059c0                . = ALIGN (0x4)
 *(.ARM.extab* .gnu.linkonce.armextab.*)
                0x00000000080059c0                . = ALIGN (0x4)

.ARM            0x00000000080059c0        0x0
                0x00000000080059c0                . = ALIGN (0x4)
                0x00000000080059c0                __exidx_start = .
 *(.ARM.exidx*)
                0x00000000080059c0                __exidx_end = .
                0x00000000080059c0                . = ALIGN (0x4)

.preinit_array  0x00000000080059c0        0x0
                0x00000000080059c0                . = ALIGN (0x4)
                0x00000000080059c0                PROVIDE (__preinit_array_start = .)
 *(.preinit_array*)
                0x00000000080059c0                PROVIDE (__preinit_array_end = .)
                0x00000000080059c0                . = ALIGN (0x4)

.init_array     0x00000000080059c0        0x4
                0x00000000080059c0                . = ALIGN (0x4)
                0x00000000080059c0                PROVIDE (__init_array_start = .)
 *(SORT_BY_NAME(.init_array.*))
 *(.init_array*)
 .init_array    0x00000000080059c0        0x4 c:/st/stm32cubeide_1.7.0/stm32cubeide/plugins/com.st.stm32cube.ide.mcu.externaltools.gnu-tools-for-stm32.9-2020-q2-update.win32_2.0.0.202105311346/tools/bin/../lib/gcc/arm-none-eabi/9.3.1/thumb/v6-m/nofp/crtbegin.o
                0x00000000080059c4                PROVIDE (__init_array_end = .)
                0x00000000080059c4                . = ALIGN (0x4)

.fini_array     0x00000000080059c4        0x4
                0x00000000080059c4                . = ALIGN (0x4)
                [!provide]                        PROVIDE (__fini_array_start = .)
 *(SORT_BY_NAME(.fini_array.*))
 *(.fini_array*)
 .fini_array    0x00000000080059c4        0x4 c:/st/stm32cubeide_1.7.0/stm32cubeide/plugins/com.st.stm32cube.ide.mcu.externaltools.gnu-tools-for-stm32.9-2020-q2-update.win32_2.0.0.202105311346/tools/bin/../lib/gcc/arm-none-eabi/9.3.1/thumb/v6-m/nofp/crtbegin.o
                [!provide]                        PROVIDE (__fini_array_end = .)
                0x00000000080059c8                . = ALIGN (0x4)
                0x00000000080059c8                _sidata = LOADADDR (.data)

.data           0x0000000020000000       0x78 load address 0x00000000080059c8
                0x0000000020000000                . = ALIGN (0x4)
                0x0000000020000000                _sdata = .
 *(.data)
 *(.data*)
 .data.RxpipeAddrs
                0x0000000020000000        0x8 ./Core/Src/main.o
                0x0000000020000000                RxpipeAddrs
 .data.SystemCoreClock
                0x0000000020000008        0x4 ./Core/Src/system_stm32f0xx.o
                0x0000000020000008                SystemCoreClock
 .data.uwTickPrio
                0x000000002000000c        0x4 ./Drivers/STM32F0xx_HAL_Driver/Src/stm32f0xx_hal.o
                0x000000002000000c                uwTickPrio
 .data.uwTickFreq
                0x0000000020000010        0x1 ./Drivers/STM32F0xx_HAL_Driver/Src/stm32f0xx_hal.o
                0x0000000020000010                uwTickFreq
 *fill*         0x0000000020000011        0x3 
 .data._impure_ptr
                0x0000000020000014        0x4 c:/st/stm32cubeide_1.7.0/stm32cubeide/plugins/com.st.stm32cube.ide.mcu.externaltools.gnu-tools-for-stm32.9-2020-q2-update.win32_2.0.0.202105311346/tools/bin/../lib/gcc/arm-none-eabi/9.3.1/../../../../arm-none-eabi/lib/thumb/v6-m/nofp\libc_nano.a(lib_a-impure.o)
                0x0000000020000014                _impure_ptr
 .data.impure_data
                0x0000000020000018       0x60 c:/st/stm32cubeide_1.7.0/stm32cubeide/plugins/com.st.stm32cube.ide.mcu.externaltools.gnu-tools-for-stm32.9-2020-q2-update.win32_2.0.0.202105311346/tools/bin/../lib/gcc/arm-none-eabi/9.3.1/../../../../arm-none-eabi/lib/thumb/v6-m/nofp\libc_nano.a(lib_a-impure.o)
 *(.RamFunc)
 *(.RamFunc*)
                0x0000000020000078                . = ALIGN (0x4)
                0x0000000020000078                _edata = .

.igot.plt       0x0000000020000078        0x0 load address 0x0000000008005a40
 .igot.plt      0x0000000020000078        0x0 c:/st/stm32cubeide_1.7.0/stm32cubeide/plugins/com.st.stm32cube.ide.mcu.externaltools.gnu-tools-for-stm32.9-2020-q2-update.win32_2.0.0.202105311346/tools/bin/../lib/gcc/arm-none-eabi/9.3.1/thumb/v6-m/nofp/crtbegin.o
                0x0000000020000078                . = ALIGN (0x4)

.bss            0x0000000020000078      0x258 load address 0x0000000008005a40
                0x0000000020000078                _sbss = .
                0x0000000020000078                __bss_start__ = _sbss
 *(.bss)
 .bss           0x0000000020000078       0x1c c:/st/stm32cubeide_1.7.0/stm32cubeide/plugins/com.st.stm32cube.ide.mcu.externaltools.gnu-tools-for-stm32.9-2020-q2-update.win32_2.0.0.202105311346/tools/bin/../lib/gcc/arm-none-eabi/9.3.1/thumb/v6-m/nofp/crtbegin.o
 *(.bss*)
 *fill*         0x0000000020000094        0x4 
 .bss.pipe0_reading_address
                0x0000000020000098        0x8 ./Core/Src/MY_NRF24.o
 .bss.payload_size
                0x00000000200000a0        0x1 ./Core/Src/MY_NRF24.o
 .bss.dynamic_payloads_enabled
                0x00000000200000a1        0x1 ./Core/Src/MY_NRF24.o
 .bss.wide_band
                0x00000000200000a2        0x1 ./Core/Src/MY_NRF24.o
 *fill*         0x00000000200000a3        0x1 
 .bss.nrf24_PORT
                0x00000000200000a4        0x4 ./Core/Src/MY_NRF24.o
 .bss.nrf24_CSN_PIN
                0x00000000200000a8        0x2 ./Core/Src/MY_NRF24.o
 .bss.nrf24_CE_PIN
                0x00000000200000aa        0x2 ./Core/Src/MY_NRF24.o
 .bss.nrf24_hspi
                0x00000000200000ac       0x64 ./Core/Src/MY_NRF24.o
 .bss.nrf24_huart
                0x0000000020000110       0x84 ./Core/Src/MY_NRF24.o
 .bss.__sbrk_heap_end
                0x0000000020000194        0x4 ./Core/Src/sysmem.o
 .bss.__malloc_free_list
                0x0000000020000198        0x4 c:/st/stm32cubeide_1.7.0/stm32cubeide/plugins/com.st.stm32cube.ide.mcu.externaltools.gnu-tools-for-stm32.9-2020-q2-update.win32_2.0.0.202105311346/tools/bin/../lib/gcc/arm-none-eabi/9.3.1/../../../../arm-none-eabi/lib/thumb/v6-m/nofp\libc_nano.a(lib_a-nano-mallocr.o)
                0x0000000020000198                __malloc_free_list
 .bss.__malloc_sbrk_start
                0x000000002000019c        0x4 c:/st/stm32cubeide_1.7.0/stm32cubeide/plugins/com.st.stm32cube.ide.mcu.externaltools.gnu-tools-for-stm32.9-2020-q2-update.win32_2.0.0.202105311346/tools/bin/../lib/gcc/arm-none-eabi/9.3.1/../../../../arm-none-eabi/lib/thumb/v6-m/nofp\libc_nano.a(lib_a-nano-mallocr.o)
                0x000000002000019c                __malloc_sbrk_start
 *(COMMON)
 COMMON         0x00000000200001a0      0x11c ./Core/Src/main.o
                0x00000000200001a0                myRxData
                0x00000000200001d4                hspi1
                0x0000000020000238                huart2
 COMMON         0x00000000200002bc        0x4 ./Drivers/STM32F0xx_HAL_Driver/Src/stm32f0xx_hal.o
                0x00000000200002bc                uwTick
 COMMON         0x00000000200002c0        0x9 c:/st/stm32cubeide_1.7.0/stm32cubeide/plugins/com.st.stm32cube.ide.mcu.externaltools.gnu-tools-for-stm32.9-2020-q2-update.win32_2.0.0.202105311346/tools/bin/../lib/gcc/arm-none-eabi/9.3.1/../../../../arm-none-eabi/lib/thumb/v6-m/nofp\libc_nano.a(lib_a-lock.o)
                0x00000000200002c0                __lock___atexit_recursive_mutex
                0x00000000200002c1                __lock___arc4random_mutex
                0x00000000200002c2                __lock___env_recursive_mutex
                0x00000000200002c3                __lock___sinit_recursive_mutex
                0x00000000200002c4                __lock___malloc_recursive_mutex
                0x00000000200002c5                __lock___at_quick_exit_mutex
                0x00000000200002c6                __lock___dd_hash_mutex
                0x00000000200002c7                __lock___tz_mutex
                0x00000000200002c8                __lock___sfp_recursive_mutex
 *fill*         0x00000000200002c9        0x3 
 COMMON         0x00000000200002cc        0x4 c:/st/stm32cubeide_1.7.0/stm32cubeide/plugins/com.st.stm32cube.ide.mcu.externaltools.gnu-tools-for-stm32.9-2020-q2-update.win32_2.0.0.202105311346/tools/bin/../lib/gcc/arm-none-eabi/9.3.1/../../../../arm-none-eabi/lib/thumb/v6-m/nofp\libc_nano.a(lib_a-reent.o)
                0x00000000200002cc                errno
                0x00000000200002d0                . = ALIGN (0x4)
                0x00000000200002d0                _ebss = .
                0x00000000200002d0                __bss_end__ = _ebss

._user_heap_stack
                0x00000000200002d0      0x600 load address 0x0000000008005a40
                0x00000000200002d0                . = ALIGN (0x8)
                [!provide]                        PROVIDE (end = .)
                0x00000000200002d0                PROVIDE (_end = .)
                0x00000000200004d0                . = (. + _Min_Heap_Size)
 *fill*         0x00000000200002d0      0x200 
                0x00000000200008d0                . = (. + _Min_Stack_Size)
 *fill*         0x00000000200004d0      0x400 
                0x00000000200008d0                . = ALIGN (0x8)

/DISCARD/
 libc.a(*)
 libm.a(*)
 libgcc.a(*)

.ARM.attributes
                0x0000000000000000       0x28
 *(.ARM.attributes)
 .ARM.attributes
                0x0000000000000000       0x1e c:/st/stm32cubeide_1.7.0/stm32cubeide/plugins/com.st.stm32cube.ide.mcu.externaltools.gnu-tools-for-stm32.9-2020-q2-update.win32_2.0.0.202105311346/tools/bin/../lib/gcc/arm-none-eabi/9.3.1/thumb/v6-m/nofp/crti.o
 .ARM.attributes
                0x000000000000001e       0x2c c:/st/stm32cubeide_1.7.0/stm32cubeide/plugins/com.st.stm32cube.ide.mcu.externaltools.gnu-tools-for-stm32.9-2020-q2-update.win32_2.0.0.202105311346/tools/bin/../lib/gcc/arm-none-eabi/9.3.1/thumb/v6-m/nofp/crtbegin.o
 .ARM.attributes
                0x000000000000004a       0x2c ./Core/Src/MY_NRF24.o
 .ARM.attributes
                0x0000000000000076       0x2c ./Core/Src/main.o
 .ARM.attributes
                0x00000000000000a2       0x2c ./Core/Src/stm32f0xx_hal_msp.o
 .ARM.attributes
                0x00000000000000ce       0x2c ./Core/Src/stm32f0xx_it.o
 .ARM.attributes
                0x00000000000000fa       0x2c ./Core/Src/syscalls.o
 .ARM.attributes
                0x0000000000000126       0x2c ./Core/Src/sysmem.o
 .ARM.attributes
                0x0000000000000152       0x2c ./Core/Src/system_stm32f0xx.o
 .ARM.attributes
                0x000000000000017e       0x21 ./Core/Startup/startup_stm32f030r8tx.o
 .ARM.attributes
                0x000000000000019f       0x2c ./Drivers/STM32F0xx_HAL_Driver/Src/stm32f0xx_hal.o
 .ARM.attributes
                0x00000000000001cb       0x2c ./Drivers/STM32F0xx_HAL_Driver/Src/stm32f0xx_hal_cortex.o
 .ARM.attributes
                0x00000000000001f7       0x2c ./Drivers/STM32F0xx_HAL_Driver/Src/stm32f0xx_hal_gpio.o
 .ARM.attributes
                0x0000000000000223       0x2c ./Drivers/STM32F0xx_HAL_Driver/Src/stm32f0xx_hal_rcc.o
 .ARM.attributes
                0x000000000000024f       0x2c ./Drivers/STM32F0xx_HAL_Driver/Src/stm32f0xx_hal_spi.o
 .ARM.attributes
                0x000000000000027b       0x2c ./Drivers/STM32F0xx_HAL_Driver/Src/stm32f0xx_hal_uart.o
 .ARM.attributes
                0x00000000000002a7       0x2c c:/st/stm32cubeide_1.7.0/stm32cubeide/plugins/com.st.stm32cube.ide.mcu.externaltools.gnu-tools-for-stm32.9-2020-q2-update.win32_2.0.0.202105311346/tools/bin/../lib/gcc/arm-none-eabi/9.3.1/../../../../arm-none-eabi/lib/thumb/v6-m/nofp\libc_nano.a(lib_a-errno.o)
 .ARM.attributes
                0x00000000000002d3       0x2c c:/st/stm32cubeide_1.7.0/stm32cubeide/plugins/com.st.stm32cube.ide.mcu.externaltools.gnu-tools-for-stm32.9-2020-q2-update.win32_2.0.0.202105311346/tools/bin/../lib/gcc/arm-none-eabi/9.3.1/../../../../arm-none-eabi/lib/thumb/v6-m/nofp\libc_nano.a(lib_a-impure.o)
 .ARM.attributes
                0x00000000000002ff       0x2c c:/st/stm32cubeide_1.7.0/stm32cubeide/plugins/com.st.stm32cube.ide.mcu.externaltools.gnu-tools-for-stm32.9-2020-q2-update.win32_2.0.0.202105311346/tools/bin/../lib/gcc/arm-none-eabi/9.3.1/../../../../arm-none-eabi/lib/thumb/v6-m/nofp\libc_nano.a(lib_a-init.o)
 .ARM.attributes
                0x000000000000032b       0x2c c:/st/stm32cubeide_1.7.0/stm32cubeide/plugins/com.st.stm32cube.ide.mcu.externaltools.gnu-tools-for-stm32.9-2020-q2-update.win32_2.0.0.202105311346/tools/bin/../lib/gcc/arm-none-eabi/9.3.1/../../../../arm-none-eabi/lib/thumb/v6-m/nofp\libc_nano.a(lib_a-memcpy-stub.o)
 .ARM.attributes
                0x0000000000000357       0x2c c:/st/stm32cubeide_1.7.0/stm32cubeide/plugins/com.st.stm32cube.ide.mcu.externaltools.gnu-tools-for-stm32.9-2020-q2-update.win32_2.0.0.202105311346/tools/bin/../lib/gcc/arm-none-eabi/9.3.1/../../../../arm-none-eabi/lib/thumb/v6-m/nofp\libc_nano.a(lib_a-memset.o)
 .ARM.attributes
                0x0000000000000383       0x2c c:/st/stm32cubeide_1.7.0/stm32cubeide/plugins/com.st.stm32cube.ide.mcu.externaltools.gnu-tools-for-stm32.9-2020-q2-update.win32_2.0.0.202105311346/tools/bin/../lib/gcc/arm-none-eabi/9.3.1/../../../../arm-none-eabi/lib/thumb/v6-m/nofp\libc_nano.a(lib_a-printf.o)
 .ARM.attributes
                0x00000000000003af       0x2c c:/st/stm32cubeide_1.7.0/stm32cubeide/plugins/com.st.stm32cube.ide.mcu.externaltools.gnu-tools-for-stm32.9-2020-q2-update.win32_2.0.0.202105311346/tools/bin/../lib/gcc/arm-none-eabi/9.3.1/../../../../arm-none-eabi/lib/thumb/v6-m/nofp\libc_nano.a(lib_a-sprintf.o)
 .ARM.attributes
                0x00000000000003db       0x1c c:/st/stm32cubeide_1.7.0/stm32cubeide/plugins/com.st.stm32cube.ide.mcu.externaltools.gnu-tools-for-stm32.9-2020-q2-update.win32_2.0.0.202105311346/tools/bin/../lib/gcc/arm-none-eabi/9.3.1/../../../../arm-none-eabi/lib/thumb/v6-m/nofp\libc_nano.a(lib_a-strlen.o)
 .ARM.attributes
                0x00000000000003f7       0x2c c:/st/stm32cubeide_1.7.0/stm32cubeide/plugins/com.st.stm32cube.ide.mcu.externaltools.gnu-tools-for-stm32.9-2020-q2-update.win32_2.0.0.202105311346/tools/bin/../lib/gcc/arm-none-eabi/9.3.1/../../../../arm-none-eabi/lib/thumb/v6-m/nofp\libc_nano.a(lib_a-findfp.o)
 .ARM.attributes
                0x0000000000000423       0x2c c:/st/stm32cubeide_1.7.0/stm32cubeide/plugins/com.st.stm32cube.ide.mcu.externaltools.gnu-tools-for-stm32.9-2020-q2-update.win32_2.0.0.202105311346/tools/bin/../lib/gcc/arm-none-eabi/9.3.1/../../../../arm-none-eabi/lib/thumb/v6-m/nofp\libc_nano.a(lib_a-fwalk.o)
 .ARM.attributes
                0x000000000000044f       0x2c c:/st/stm32cubeide_1.7.0/stm32cubeide/plugins/com.st.stm32cube.ide.mcu.externaltools.gnu-tools-for-stm32.9-2020-q2-update.win32_2.0.0.202105311346/tools/bin/../lib/gcc/arm-none-eabi/9.3.1/../../../../arm-none-eabi/lib/thumb/v6-m/nofp\libc_nano.a(lib_a-lock.o)
 .ARM.attributes
                0x000000000000047b       0x2c c:/st/stm32cubeide_1.7.0/stm32cubeide/plugins/com.st.stm32cube.ide.mcu.externaltools.gnu-tools-for-stm32.9-2020-q2-update.win32_2.0.0.202105311346/tools/bin/../lib/gcc/arm-none-eabi/9.3.1/../../../../arm-none-eabi/lib/thumb/v6-m/nofp\libc_nano.a(lib_a-nano-mallocr.o)
 .ARM.attributes
                0x00000000000004a7       0x2c c:/st/stm32cubeide_1.7.0/stm32cubeide/plugins/com.st.stm32cube.ide.mcu.externaltools.gnu-tools-for-stm32.9-2020-q2-update.win32_2.0.0.202105311346/tools/bin/../lib/gcc/arm-none-eabi/9.3.1/../../../../arm-none-eabi/lib/thumb/v6-m/nofp\libc_nano.a(lib_a-nano-svfprintf.o)
 .ARM.attributes
                0x00000000000004d3       0x2c c:/st/stm32cubeide_1.7.0/stm32cubeide/plugins/com.st.stm32cube.ide.mcu.externaltools.gnu-tools-for-stm32.9-2020-q2-update.win32_2.0.0.202105311346/tools/bin/../lib/gcc/arm-none-eabi/9.3.1/../../../../arm-none-eabi/lib/thumb/v6-m/nofp\libc_nano.a(lib_a-nano-vfprintf.o)
 .ARM.attributes
                0x00000000000004ff       0x2c c:/st/stm32cubeide_1.7.0/stm32cubeide/plugins/com.st.stm32cube.ide.mcu.externaltools.gnu-tools-for-stm32.9-2020-q2-update.win32_2.0.0.202105311346/tools/bin/../lib/gcc/arm-none-eabi/9.3.1/../../../../arm-none-eabi/lib/thumb/v6-m/nofp\libc_nano.a(lib_a-nano-vfprintf_i.o)
 .ARM.attributes
                0x000000000000052b       0x2c c:/st/stm32cubeide_1.7.0/stm32cubeide/plugins/com.st.stm32cube.ide.mcu.externaltools.gnu-tools-for-stm32.9-2020-q2-update.win32_2.0.0.202105311346/tools/bin/../lib/gcc/arm-none-eabi/9.3.1/../../../../arm-none-eabi/lib/thumb/v6-m/nofp\libc_nano.a(lib_a-sbrkr.o)
 .ARM.attributes
                0x0000000000000557       0x2c c:/st/stm32cubeide_1.7.0/stm32cubeide/plugins/com.st.stm32cube.ide.mcu.externaltools.gnu-tools-for-stm32.9-2020-q2-update.win32_2.0.0.202105311346/tools/bin/../lib/gcc/arm-none-eabi/9.3.1/../../../../arm-none-eabi/lib/thumb/v6-m/nofp\libc_nano.a(lib_a-stdio.o)
 .ARM.attributes
                0x0000000000000583       0x2c c:/st/stm32cubeide_1.7.0/stm32cubeide/plugins/com.st.stm32cube.ide.mcu.externaltools.gnu-tools-for-stm32.9-2020-q2-update.win32_2.0.0.202105311346/tools/bin/../lib/gcc/arm-none-eabi/9.3.1/../../../../arm-none-eabi/lib/thumb/v6-m/nofp\libc_nano.a(lib_a-wbuf.o)
 .ARM.attributes
                0x00000000000005af       0x2c c:/st/stm32cubeide_1.7.0/stm32cubeide/plugins/com.st.stm32cube.ide.mcu.externaltools.gnu-tools-for-stm32.9-2020-q2-update.win32_2.0.0.202105311346/tools/bin/../lib/gcc/arm-none-eabi/9.3.1/../../../../arm-none-eabi/lib/thumb/v6-m/nofp\libc_nano.a(lib_a-writer.o)
 .ARM.attributes
                0x00000000000005db       0x2c c:/st/stm32cubeide_1.7.0/stm32cubeide/plugins/com.st.stm32cube.ide.mcu.externaltools.gnu-tools-for-stm32.9-2020-q2-update.win32_2.0.0.202105311346/tools/bin/../lib/gcc/arm-none-eabi/9.3.1/../../../../arm-none-eabi/lib/thumb/v6-m/nofp\libc_nano.a(lib_a-wsetup.o)
 .ARM.attributes
                0x0000000000000607       0x2c c:/st/stm32cubeide_1.7.0/stm32cubeide/plugins/com.st.stm32cube.ide.mcu.externaltools.gnu-tools-for-stm32.9-2020-q2-update.win32_2.0.0.202105311346/tools/bin/../lib/gcc/arm-none-eabi/9.3.1/../../../../arm-none-eabi/lib/thumb/v6-m/nofp\libc_nano.a(lib_a-closer.o)
 .ARM.attributes
                0x0000000000000633       0x2c c:/st/stm32cubeide_1.7.0/stm32cubeide/plugins/com.st.stm32cube.ide.mcu.externaltools.gnu-tools-for-stm32.9-2020-q2-update.win32_2.0.0.202105311346/tools/bin/../lib/gcc/arm-none-eabi/9.3.1/../../../../arm-none-eabi/lib/thumb/v6-m/nofp\libc_nano.a(lib_a-fflush.o)
 .ARM.attributes
                0x000000000000065f       0x2c c:/st/stm32cubeide_1.7.0/stm32cubeide/plugins/com.st.stm32cube.ide.mcu.externaltools.gnu-tools-for-stm32.9-2020-q2-update.win32_2.0.0.202105311346/tools/bin/../lib/gcc/arm-none-eabi/9.3.1/../../../../arm-none-eabi/lib/thumb/v6-m/nofp\libc_nano.a(lib_a-lseekr.o)
 .ARM.attributes
                0x000000000000068b       0x2c c:/st/stm32cubeide_1.7.0/stm32cubeide/plugins/com.st.stm32cube.ide.mcu.externaltools.gnu-tools-for-stm32.9-2020-q2-update.win32_2.0.0.202105311346/tools/bin/../lib/gcc/arm-none-eabi/9.3.1/../../../../arm-none-eabi/lib/thumb/v6-m/nofp\libc_nano.a(lib_a-makebuf.o)
 .ARM.attributes
                0x00000000000006b7       0x2c c:/st/stm32cubeide_1.7.0/stm32cubeide/plugins/com.st.stm32cube.ide.mcu.externaltools.gnu-tools-for-stm32.9-2020-q2-update.win32_2.0.0.202105311346/tools/bin/../lib/gcc/arm-none-eabi/9.3.1/../../../../arm-none-eabi/lib/thumb/v6-m/nofp\libc_nano.a(lib_a-memchr-stub.o)
 .ARM.attributes
                0x00000000000006e3       0x2c c:/st/stm32cubeide_1.7.0/stm32cubeide/plugins/com.st.stm32cube.ide.mcu.externaltools.gnu-tools-for-stm32.9-2020-q2-update.win32_2.0.0.202105311346/tools/bin/../lib/gcc/arm-none-eabi/9.3.1/../../../../arm-none-eabi/lib/thumb/v6-m/nofp\libc_nano.a(lib_a-memmove.o)
 .ARM.attributes
                0x000000000000070f       0x2c c:/st/stm32cubeide_1.7.0/stm32cubeide/plugins/com.st.stm32cube.ide.mcu.externaltools.gnu-tools-for-stm32.9-2020-q2-update.win32_2.0.0.202105311346/tools/bin/../lib/gcc/arm-none-eabi/9.3.1/../../../../arm-none-eabi/lib/thumb/v6-m/nofp\libc_nano.a(lib_a-mlock.o)
 .ARM.attributes
                0x000000000000073b       0x2c c:/st/stm32cubeide_1.7.0/stm32cubeide/plugins/com.st.stm32cube.ide.mcu.externaltools.gnu-tools-for-stm32.9-2020-q2-update.win32_2.0.0.202105311346/tools/bin/../lib/gcc/arm-none-eabi/9.3.1/../../../../arm-none-eabi/lib/thumb/v6-m/nofp\libc_nano.a(lib_a-nano-freer.o)
 .ARM.attributes
                0x0000000000000767       0x2c c:/st/stm32cubeide_1.7.0/stm32cubeide/plugins/com.st.stm32cube.ide.mcu.externaltools.gnu-tools-for-stm32.9-2020-q2-update.win32_2.0.0.202105311346/tools/bin/../lib/gcc/arm-none-eabi/9.3.1/../../../../arm-none-eabi/lib/thumb/v6-m/nofp\libc_nano.a(lib_a-nano-reallocr.o)
 .ARM.attributes
                0x0000000000000793       0x2c c:/st/stm32cubeide_1.7.0/stm32cubeide/plugins/com.st.stm32cube.ide.mcu.externaltools.gnu-tools-for-stm32.9-2020-q2-update.win32_2.0.0.202105311346/tools/bin/../lib/gcc/arm-none-eabi/9.3.1/../../../../arm-none-eabi/lib/thumb/v6-m/nofp\libc_nano.a(lib_a-readr.o)
 .ARM.attributes
                0x00000000000007bf       0x2c c:/st/stm32cubeide_1.7.0/stm32cubeide/plugins/com.st.stm32cube.ide.mcu.externaltools.gnu-tools-for-stm32.9-2020-q2-update.win32_2.0.0.202105311346/tools/bin/../lib/gcc/arm-none-eabi/9.3.1/../../../../arm-none-eabi/lib/thumb/v6-m/nofp\libc_nano.a(lib_a-reent.o)
 .ARM.attributes
                0x00000000000007eb       0x2c c:/st/stm32cubeide_1.7.0/stm32cubeide/plugins/com.st.stm32cube.ide.mcu.externaltools.gnu-tools-for-stm32.9-2020-q2-update.win32_2.0.0.202105311346/tools/bin/../lib/gcc/arm-none-eabi/9.3.1/../../../../arm-none-eabi/lib/thumb/v6-m/nofp\libc_nano.a(lib_a-fstatr.o)
 .ARM.attributes
                0x0000000000000817       0x2c c:/st/stm32cubeide_1.7.0/stm32cubeide/plugins/com.st.stm32cube.ide.mcu.externaltools.gnu-tools-for-stm32.9-2020-q2-update.win32_2.0.0.202105311346/tools/bin/../lib/gcc/arm-none-eabi/9.3.1/../../../../arm-none-eabi/lib/thumb/v6-m/nofp\libc_nano.a(lib_a-isattyr.o)
 .ARM.attributes
                0x0000000000000843       0x2c c:/st/stm32cubeide_1.7.0/stm32cubeide/plugins/com.st.stm32cube.ide.mcu.externaltools.gnu-tools-for-stm32.9-2020-q2-update.win32_2.0.0.202105311346/tools/bin/../lib/gcc/arm-none-eabi/9.3.1/../../../../arm-none-eabi/lib/thumb/v6-m/nofp\libc_nano.a(lib_a-nano-msizer.o)
 .ARM.attributes
                0x000000000000086f       0x1e c:/st/stm32cubeide_1.7.0/stm32cubeide/plugins/com.st.stm32cube.ide.mcu.externaltools.gnu-tools-for-stm32.9-2020-q2-update.win32_2.0.0.202105311346/tools/bin/../lib/gcc/arm-none-eabi/9.3.1/thumb/v6-m/nofp\libgcc.a(_thumb1_case_shi.o)
 .ARM.attributes
                0x000000000000088d       0x1e c:/st/stm32cubeide_1.7.0/stm32cubeide/plugins/com.st.stm32cube.ide.mcu.externaltools.gnu-tools-for-stm32.9-2020-q2-update.win32_2.0.0.202105311346/tools/bin/../lib/gcc/arm-none-eabi/9.3.1/thumb/v6-m/nofp\libgcc.a(_udivsi3.o)
 .ARM.attributes
                0x00000000000008ab       0x1e c:/st/stm32cubeide_1.7.0/stm32cubeide/plugins/com.st.stm32cube.ide.mcu.externaltools.gnu-tools-for-stm32.9-2020-q2-update.win32_2.0.0.202105311346/tools/bin/../lib/gcc/arm-none-eabi/9.3.1/thumb/v6-m/nofp\libgcc.a(_dvmd_tls.o)
 .ARM.attributes
                0x00000000000008c9       0x1e c:/st/stm32cubeide_1.7.0/stm32cubeide/plugins/com.st.stm32cube.ide.mcu.externaltools.gnu-tools-for-stm32.9-2020-q2-update.win32_2.0.0.202105311346/tools/bin/../lib/gcc/arm-none-eabi/9.3.1/thumb/v6-m/nofp/crtn.o
OUTPUT(NRF24_Receive.elf elf32-littlearm)
LOAD linker stubs
LOAD c:/st/stm32cubeide_1.7.0/stm32cubeide/plugins/com.st.stm32cube.ide.mcu.externaltools.gnu-tools-for-stm32.9-2020-q2-update.win32_2.0.0.202105311346/tools/bin/../lib/gcc/arm-none-eabi/9.3.1/../../../../arm-none-eabi/lib/thumb/v6-m/nofp\libc.a
LOAD c:/st/stm32cubeide_1.7.0/stm32cubeide/plugins/com.st.stm32cube.ide.mcu.externaltools.gnu-tools-for-stm32.9-2020-q2-update.win32_2.0.0.202105311346/tools/bin/../lib/gcc/arm-none-eabi/9.3.1/../../../../arm-none-eabi/lib/thumb/v6-m/nofp\libm.a
LOAD c:/st/stm32cubeide_1.7.0/stm32cubeide/plugins/com.st.stm32cube.ide.mcu.externaltools.gnu-tools-for-stm32.9-2020-q2-update.win32_2.0.0.202105311346/tools/bin/../lib/gcc/arm-none-eabi/9.3.1/thumb/v6-m/nofp\libgcc.a

.debug_info     0x0000000000000000     0xd502
 .debug_info    0x0000000000000000     0x2096 ./Core/Src/MY_NRF24.o
 .debug_info    0x0000000000002096     0x17c7 ./Core/Src/main.o
 .debug_info    0x000000000000385d      0xceb ./Core/Src/stm32f0xx_hal_msp.o
 .debug_info    0x0000000000004548      0x1b3 ./Core/Src/stm32f0xx_it.o
 .debug_info    0x00000000000046fb      0xfa8 ./Core/Src/syscalls.o
 .debug_info    0x00000000000056a3      0xa25 ./Core/Src/sysmem.o
 .debug_info    0x00000000000060c8      0x2c3 ./Core/Src/system_stm32f0xx.o
 .debug_info    0x000000000000638b       0x22 ./Core/Startup/startup_stm32f030r8tx.o
 .debug_info    0x00000000000063ad      0x6dc ./Drivers/STM32F0xx_HAL_Driver/Src/stm32f0xx_hal.o
 .debug_info    0x0000000000006a89      0x7be ./Drivers/STM32F0xx_HAL_Driver/Src/stm32f0xx_hal_cortex.o
 .debug_info    0x0000000000007247      0x6d8 ./Drivers/STM32F0xx_HAL_Driver/Src/stm32f0xx_hal_gpio.o
 .debug_info    0x000000000000791f      0x88d ./Drivers/STM32F0xx_HAL_Driver/Src/stm32f0xx_hal_rcc.o
 .debug_info    0x00000000000081ac     0x17a9 ./Drivers/STM32F0xx_HAL_Driver/Src/stm32f0xx_hal_spi.o
 .debug_info    0x0000000000009955     0x3bad ./Drivers/STM32F0xx_HAL_Driver/Src/stm32f0xx_hal_uart.o

.debug_abbrev   0x0000000000000000     0x1c74
 .debug_abbrev  0x0000000000000000      0x392 ./Core/Src/MY_NRF24.o
 .debug_abbrev  0x0000000000000392      0x2c8 ./Core/Src/main.o
 .debug_abbrev  0x000000000000065a      0x1ac ./Core/Src/stm32f0xx_hal_msp.o
 .debug_abbrev  0x0000000000000806       0xd2 ./Core/Src/stm32f0xx_it.o
 .debug_abbrev  0x00000000000008d8      0x286 ./Core/Src/syscalls.o
 .debug_abbrev  0x0000000000000b5e      0x1bf ./Core/Src/sysmem.o
 .debug_abbrev  0x0000000000000d1d      0x145 ./Core/Src/system_stm32f0xx.o
 .debug_abbrev  0x0000000000000e62       0x12 ./Core/Startup/startup_stm32f030r8tx.o
 .debug_abbrev  0x0000000000000e74      0x21e ./Drivers/STM32F0xx_HAL_Driver/Src/stm32f0xx_hal.o
 .debug_abbrev  0x0000000000001092      0x2a9 ./Drivers/STM32F0xx_HAL_Driver/Src/stm32f0xx_hal_cortex.o
 .debug_abbrev  0x000000000000133b      0x1e8 ./Drivers/STM32F0xx_HAL_Driver/Src/stm32f0xx_hal_gpio.o
 .debug_abbrev  0x0000000000001523      0x23b ./Drivers/STM32F0xx_HAL_Driver/Src/stm32f0xx_hal_rcc.o
 .debug_abbrev  0x000000000000175e      0x254 ./Drivers/STM32F0xx_HAL_Driver/Src/stm32f0xx_hal_spi.o
 .debug_abbrev  0x00000000000019b2      0x2c2 ./Drivers/STM32F0xx_HAL_Driver/Src/stm32f0xx_hal_uart.o

.debug_aranges  0x0000000000000000      0xa10
 .debug_aranges
                0x0000000000000000      0x1d0 ./Core/Src/MY_NRF24.o
 .debug_aranges
                0x00000000000001d0       0x50 ./Core/Src/main.o
 .debug_aranges
                0x0000000000000220       0x40 ./Core/Src/stm32f0xx_hal_msp.o
 .debug_aranges
                0x0000000000000260       0x40 ./Core/Src/stm32f0xx_it.o
 .debug_aranges
                0x00000000000002a0       0xa8 ./Core/Src/syscalls.o
 .debug_aranges
                0x0000000000000348       0x20 ./Core/Src/sysmem.o
 .debug_aranges
                0x0000000000000368       0x28 ./Core/Src/system_stm32f0xx.o
 .debug_aranges
                0x0000000000000390       0x28 ./Core/Startup/startup_stm32f030r8tx.o
 .debug_aranges
                0x00000000000003b8       0xd0 ./Drivers/STM32F0xx_HAL_Driver/Src/stm32f0xx_hal.o
 .debug_aranges
                0x0000000000000488       0xc0 ./Drivers/STM32F0xx_HAL_Driver/Src/stm32f0xx_hal_cortex.o
 .debug_aranges
                0x0000000000000548       0x58 ./Drivers/STM32F0xx_HAL_Driver/Src/stm32f0xx_hal_gpio.o
 .debug_aranges
                0x00000000000005a0       0x80 ./Drivers/STM32F0xx_HAL_Driver/Src/stm32f0xx_hal_rcc.o
 .debug_aranges
                0x0000000000000620      0x1d8 ./Drivers/STM32F0xx_HAL_Driver/Src/stm32f0xx_hal_spi.o
 .debug_aranges
                0x00000000000007f8      0x218 ./Drivers/STM32F0xx_HAL_Driver/Src/stm32f0xx_hal_uart.o

.debug_ranges   0x0000000000000000      0x968
 .debug_ranges  0x0000000000000000      0x1c0 ./Core/Src/MY_NRF24.o
 .debug_ranges  0x00000000000001c0       0x40 ./Core/Src/main.o
 .debug_ranges  0x0000000000000200       0x30 ./Core/Src/stm32f0xx_hal_msp.o
 .debug_ranges  0x0000000000000230       0x30 ./Core/Src/stm32f0xx_it.o
 .debug_ranges  0x0000000000000260       0x98 ./Core/Src/syscalls.o
 .debug_ranges  0x00000000000002f8       0x10 ./Core/Src/sysmem.o
 .debug_ranges  0x0000000000000308       0x18 ./Core/Src/system_stm32f0xx.o
 .debug_ranges  0x0000000000000320       0x20 ./Core/Startup/startup_stm32f030r8tx.o
 .debug_ranges  0x0000000000000340       0xc0 ./Drivers/STM32F0xx_HAL_Driver/Src/stm32f0xx_hal.o
 .debug_ranges  0x0000000000000400       0xb0 ./Drivers/STM32F0xx_HAL_Driver/Src/stm32f0xx_hal_cortex.o
 .debug_ranges  0x00000000000004b0       0x48 ./Drivers/STM32F0xx_HAL_Driver/Src/stm32f0xx_hal_gpio.o
 .debug_ranges  0x00000000000004f8       0x70 ./Drivers/STM32F0xx_HAL_Driver/Src/stm32f0xx_hal_rcc.o
 .debug_ranges  0x0000000000000568      0x1c8 ./Drivers/STM32F0xx_HAL_Driver/Src/stm32f0xx_hal_spi.o
 .debug_ranges  0x0000000000000730      0x238 ./Drivers/STM32F0xx_HAL_Driver/Src/stm32f0xx_hal_uart.o

.debug_macro    0x0000000000000000    0x1100d
 .debug_macro   0x0000000000000000      0x2e7 ./Core/Src/MY_NRF24.o
 .debug_macro   0x00000000000002e7      0xa7e ./Core/Src/MY_NRF24.o
 .debug_macro   0x0000000000000d65      0x133 ./Core/Src/MY_NRF24.o
 .debug_macro   0x0000000000000e98       0x2e ./Core/Src/MY_NRF24.o
 .debug_macro   0x0000000000000ec6       0x22 ./Core/Src/MY_NRF24.o
 .debug_macro   0x0000000000000ee8       0x22 ./Core/Src/MY_NRF24.o
 .debug_macro   0x0000000000000f0a       0x8e ./Core/Src/MY_NRF24.o
 .debug_macro   0x0000000000000f98       0x51 ./Core/Src/MY_NRF24.o
 .debug_macro   0x0000000000000fe9      0x103 ./Core/Src/MY_NRF24.o
 .debug_macro   0x00000000000010ec       0x6a ./Core/Src/MY_NRF24.o
 .debug_macro   0x0000000000001156      0x1df ./Core/Src/MY_NRF24.o
 .debug_macro   0x0000000000001335       0x1c ./Core/Src/MY_NRF24.o
 .debug_macro   0x0000000000001351       0x22 ./Core/Src/MY_NRF24.o
 .debug_macro   0x0000000000001373       0xb5 ./Core/Src/MY_NRF24.o
 .debug_macro   0x0000000000001428      0x391 ./Core/Src/MY_NRF24.o
 .debug_macro   0x00000000000017b9     0x6f40 ./Core/Src/MY_NRF24.o
 .debug_macro   0x00000000000086f9       0x66 ./Core/Src/MY_NRF24.o
 .debug_macro   0x000000000000875f     0x34a6 ./Core/Src/MY_NRF24.o
 .debug_macro   0x000000000000bc05      0x174 ./Core/Src/MY_NRF24.o
 .debug_macro   0x000000000000bd79       0x55 ./Core/Src/MY_NRF24.o
 .debug_macro   0x000000000000bdce      0x924 ./Core/Src/MY_NRF24.o
 .debug_macro   0x000000000000c6f2      0x17f ./Core/Src/MY_NRF24.o
 .debug_macro   0x000000000000c871      0x1af ./Core/Src/MY_NRF24.o
 .debug_macro   0x000000000000ca20       0xd9 ./Core/Src/MY_NRF24.o
 .debug_macro   0x000000000000caf9      0x1a0 ./Core/Src/MY_NRF24.o
 .debug_macro   0x000000000000cc99      0x1ed ./Core/Src/MY_NRF24.o
 .debug_macro   0x000000000000ce86       0x34 ./Core/Src/MY_NRF24.o
 .debug_macro   0x000000000000ceba       0x43 ./Core/Src/MY_NRF24.o
 .debug_macro   0x000000000000cefd       0x28 ./Core/Src/MY_NRF24.o
 .debug_macro   0x000000000000cf25       0xb0 ./Core/Src/MY_NRF24.o
 .debug_macro   0x000000000000cfd5      0x199 ./Core/Src/MY_NRF24.o
 .debug_macro   0x000000000000d16e      0x22c ./Core/Src/MY_NRF24.o
 .debug_macro   0x000000000000d39a       0x61 ./Core/Src/MY_NRF24.o
 .debug_macro   0x000000000000d3fb       0xa5 ./Core/Src/MY_NRF24.o
 .debug_macro   0x000000000000d4a0       0x4c ./Core/Src/MY_NRF24.o
 .debug_macro   0x000000000000d4ec       0x2b ./Core/Src/MY_NRF24.o
 .debug_macro   0x000000000000d517      0x2fe ./Core/Src/MY_NRF24.o
 .debug_macro   0x000000000000d815      0x55f ./Core/Src/MY_NRF24.o
 .debug_macro   0x000000000000dd74       0x3e ./Core/Src/MY_NRF24.o
 .debug_macro   0x000000000000ddb2       0xff ./Core/Src/MY_NRF24.o
 .debug_macro   0x000000000000deb1      0x226 ./Core/Src/MY_NRF24.o
 .debug_macro   0x000000000000e0d7       0x18 ./Core/Src/MY_NRF24.o
 .debug_macro   0x000000000000e0ef       0x52 ./Core/Src/MY_NRF24.o
 .debug_macro   0x000000000000e141       0x3c ./Core/Src/MY_NRF24.o
 .debug_macro   0x000000000000e17d       0x34 ./Core/Src/MY_NRF24.o
 .debug_macro   0x000000000000e1b1       0x16 ./Core/Src/MY_NRF24.o
 .debug_macro   0x000000000000e1c7       0x35 ./Core/Src/MY_NRF24.o
 .debug_macro   0x000000000000e1fc       0x16 ./Core/Src/MY_NRF24.o
 .debug_macro   0x000000000000e212       0x43 ./Core/Src/MY_NRF24.o
 .debug_macro   0x000000000000e255       0x34 ./Core/Src/MY_NRF24.o
 .debug_macro   0x000000000000e289       0x10 ./Core/Src/MY_NRF24.o
 .debug_macro   0x000000000000e299       0x58 ./Core/Src/MY_NRF24.o
 .debug_macro   0x000000000000e2f1       0x71 ./Core/Src/MY_NRF24.o
 .debug_macro   0x000000000000e362       0x1c ./Core/Src/MY_NRF24.o
 .debug_macro   0x000000000000e37e      0x12a ./Core/Src/MY_NRF24.o
 .debug_macro   0x000000000000e4a8      0x333 ./Core/Src/MY_NRF24.o
 .debug_macro   0x000000000000e7db       0x16 ./Core/Src/MY_NRF24.o
 .debug_macro   0x000000000000e7f1       0x29 ./Core/Src/MY_NRF24.o
 .debug_macro   0x000000000000e81a       0x22 ./Core/Src/MY_NRF24.o
 .debug_macro   0x000000000000e83c       0x16 ./Core/Src/MY_NRF24.o
 .debug_macro   0x000000000000e852       0x20 ./Core/Src/MY_NRF24.o
 .debug_macro   0x000000000000e872      0x2e4 ./Core/Src/main.o
 .debug_macro   0x000000000000eb56       0x58 ./Core/Src/main.o
 .debug_macro   0x000000000000ebae      0x1d2 ./Core/Src/stm32f0xx_hal_msp.o
 .debug_macro   0x000000000000ed80      0x1dc ./Core/Src/stm32f0xx_it.o
 .debug_macro   0x000000000000ef5c      0x24c ./Core/Src/syscalls.o
 .debug_macro   0x000000000000f1a8       0x4c ./Core/Src/syscalls.o
 .debug_macro   0x000000000000f1f4       0x94 ./Core/Src/syscalls.o
 .debug_macro   0x000000000000f288       0x57 ./Core/Src/syscalls.o
 .debug_macro   0x000000000000f2df      0x339 ./Core/Src/syscalls.o
 .debug_macro   0x000000000000f618       0x10 ./Core/Src/syscalls.o
 .debug_macro   0x000000000000f628       0x10 ./Core/Src/syscalls.o
 .debug_macro   0x000000000000f638       0x10 ./Core/Src/syscalls.o
 .debug_macro   0x000000000000f648       0x10 ./Core/Src/syscalls.o
 .debug_macro   0x000000000000f658       0x1c ./Core/Src/syscalls.o
 .debug_macro   0x000000000000f674       0x52 ./Core/Src/syscalls.o
 .debug_macro   0x000000000000f6c6       0x22 ./Core/Src/syscalls.o
 .debug_macro   0x000000000000f6e8       0x10 ./Core/Src/syscalls.o
 .debug_macro   0x000000000000f6f8       0x40 ./Core/Src/syscalls.o
 .debug_macro   0x000000000000f738       0xd5 ./Core/Src/syscalls.o
 .debug_macro   0x000000000000f80d       0x1c ./Core/Src/syscalls.o
 .debug_macro   0x000000000000f829       0x3d ./Core/Src/syscalls.o
 .debug_macro   0x000000000000f866       0x35 ./Core/Src/syscalls.o
 .debug_macro   0x000000000000f89b      0x12c ./Core/Src/syscalls.o
 .debug_macro   0x000000000000f9c7       0x10 ./Core/Src/syscalls.o
 .debug_macro   0x000000000000f9d7      0x241 ./Core/Src/syscalls.o
 .debug_macro   0x000000000000fc18       0x1c ./Core/Src/syscalls.o
 .debug_macro   0x000000000000fc34       0x10 ./Core/Src/syscalls.o
 .debug_macro   0x000000000000fc44       0x10 ./Core/Src/syscalls.o
 .debug_macro   0x000000000000fc54       0x16 ./Core/Src/syscalls.o
 .debug_macro   0x000000000000fc6a      0x145 ./Core/Src/syscalls.o
 .debug_macro   0x000000000000fdaf      0x189 ./Core/Src/syscalls.o
 .debug_macro   0x000000000000ff38       0x16 ./Core/Src/syscalls.o
 .debug_macro   0x000000000000ff4e       0xce ./Core/Src/syscalls.o
 .debug_macro   0x000000000001001c       0xff ./Core/Src/sysmem.o
 .debug_macro   0x000000000001011b      0x23b ./Core/Src/sysmem.o
 .debug_macro   0x0000000000010356      0x1c3 ./Core/Src/system_stm32f0xx.o
 .debug_macro   0x0000000000010519      0x1e7 ./Drivers/STM32F0xx_HAL_Driver/Src/stm32f0xx_hal.o
 .debug_macro   0x0000000000010700      0x1c3 ./Drivers/STM32F0xx_HAL_Driver/Src/stm32f0xx_hal_cortex.o
 .debug_macro   0x00000000000108c3      0x1ca ./Drivers/STM32F0xx_HAL_Driver/Src/stm32f0xx_hal_gpio.o
 .debug_macro   0x0000000000010a8d      0x1d5 ./Drivers/STM32F0xx_HAL_Driver/Src/stm32f0xx_hal_rcc.o
 .debug_macro   0x0000000000010c62      0x1cb ./Drivers/STM32F0xx_HAL_Driver/Src/stm32f0xx_hal_spi.o
 .debug_macro   0x0000000000010e2d      0x1e0 ./Drivers/STM32F0xx_HAL_Driver/Src/stm32f0xx_hal_uart.o

.debug_line     0x0000000000000000     0xb701
 .debug_line    0x0000000000000000     0x137b ./Core/Src/MY_NRF24.o
 .debug_line    0x000000000000137b      0xa00 ./Core/Src/main.o
 .debug_line    0x0000000000001d7b      0x78f ./Core/Src/stm32f0xx_hal_msp.o
 .debug_line    0x000000000000250a      0x747 ./Core/Src/stm32f0xx_it.o
 .debug_line    0x0000000000002c51      0x802 ./Core/Src/syscalls.o
 .debug_line    0x0000000000003453      0x4f8 ./Core/Src/sysmem.o
 .debug_line    0x000000000000394b      0x752 ./Core/Src/system_stm32f0xx.o
 .debug_line    0x000000000000409d       0x89 ./Core/Startup/startup_stm32f030r8tx.o
 .debug_line    0x0000000000004126      0x95d ./Drivers/STM32F0xx_HAL_Driver/Src/stm32f0xx_hal.o
 .debug_line    0x0000000000004a83      0xa09 ./Drivers/STM32F0xx_HAL_Driver/Src/stm32f0xx_hal_cortex.o
 .debug_line    0x000000000000548c      0xada ./Drivers/STM32F0xx_HAL_Driver/Src/stm32f0xx_hal_gpio.o
 .debug_line    0x0000000000005f66      0xd49 ./Drivers/STM32F0xx_HAL_Driver/Src/stm32f0xx_hal_rcc.o
 .debug_line    0x0000000000006caf     0x1eb4 ./Drivers/STM32F0xx_HAL_Driver/Src/stm32f0xx_hal_spi.o
 .debug_line    0x0000000000008b63     0x2b9e ./Drivers/STM32F0xx_HAL_Driver/Src/stm32f0xx_hal_uart.o

.debug_str      0x0000000000000000    0x61569
 .debug_str     0x0000000000000000    0x5d2ea ./Core/Src/MY_NRF24.o
                                      0x5d6ff (size before relaxing)
 .debug_str     0x000000000005d2ea      0x39e ./Core/Src/main.o
                                      0x5d329 (size before relaxing)
 .debug_str     0x000000000005d688       0x72 ./Core/Src/stm32f0xx_hal_msp.o
                                      0x598a8 (size before relaxing)
 .debug_str     0x000000000005d6fa       0x76 ./Core/Src/stm32f0xx_it.o
                                      0x5924c (size before relaxing)
 .debug_str     0x000000000005d770     0x25a1 ./Core/Src/syscalls.o
                                       0x8de1 (size before relaxing)
 .debug_str     0x000000000005fd11       0x6b ./Core/Src/sysmem.o
                                       0x61b4 (size before relaxing)
 .debug_str     0x000000000005fd7c       0x5f ./Core/Src/system_stm32f0xx.o
                                      0x5914e (size before relaxing)
 .debug_str     0x000000000005fddb       0x36 ./Core/Startup/startup_stm32f030r8tx.o
                                         0x76 (size before relaxing)
 .debug_str     0x000000000005fe11      0x42f ./Drivers/STM32F0xx_HAL_Driver/Src/stm32f0xx_hal.o
                                      0x5965a (size before relaxing)
 .debug_str     0x0000000000060240      0x1f0 ./Drivers/STM32F0xx_HAL_Driver/Src/stm32f0xx_hal_cortex.o
                                      0x5950e (size before relaxing)
 .debug_str     0x0000000000060430      0x151 ./Drivers/STM32F0xx_HAL_Driver/Src/stm32f0xx_hal_gpio.o
                                      0x5932d (size before relaxing)
 .debug_str     0x0000000000060581      0x235 ./Drivers/STM32F0xx_HAL_Driver/Src/stm32f0xx_hal_rcc.o
                                      0x59558 (size before relaxing)
 .debug_str     0x00000000000607b6      0x586 ./Drivers/STM32F0xx_HAL_Driver/Src/stm32f0xx_hal_spi.o
                                      0x59a98 (size before relaxing)
 .debug_str     0x0000000000060d3c      0x82d ./Drivers/STM32F0xx_HAL_Driver/Src/stm32f0xx_hal_uart.o
                                      0x59df1 (size before relaxing)

.comment        0x0000000000000000       0x53
 .comment       0x0000000000000000       0x53 ./Core/Src/MY_NRF24.o
                                         0x54 (size before relaxing)
 .comment       0x0000000000000053       0x54 ./Core/Src/main.o
 .comment       0x0000000000000053       0x54 ./Core/Src/stm32f0xx_hal_msp.o
 .comment       0x0000000000000053       0x54 ./Core/Src/stm32f0xx_it.o
 .comment       0x0000000000000053       0x54 ./Core/Src/syscalls.o
 .comment       0x0000000000000053       0x54 ./Core/Src/sysmem.o
 .comment       0x0000000000000053       0x54 ./Core/Src/system_stm32f0xx.o
 .comment       0x0000000000000053       0x54 ./Drivers/STM32F0xx_HAL_Driver/Src/stm32f0xx_hal.o
 .comment       0x0000000000000053       0x54 ./Drivers/STM32F0xx_HAL_Driver/Src/stm32f0xx_hal_cortex.o
 .comment       0x0000000000000053       0x54 ./Drivers/STM32F0xx_HAL_Driver/Src/stm32f0xx_hal_gpio.o
 .comment       0x0000000000000053       0x54 ./Drivers/STM32F0xx_HAL_Driver/Src/stm32f0xx_hal_rcc.o
 .comment       0x0000000000000053       0x54 ./Drivers/STM32F0xx_HAL_Driver/Src/stm32f0xx_hal_spi.o
 .comment       0x0000000000000053       0x54 ./Drivers/STM32F0xx_HAL_Driver/Src/stm32f0xx_hal_uart.o

.debug_frame    0x0000000000000000     0x2c94
 .debug_frame   0x0000000000000000      0x6f4 ./Core/Src/MY_NRF24.o
 .debug_frame   0x00000000000006f4       0xf0 ./Core/Src/main.o
 .debug_frame   0x00000000000007e4       0xb0 ./Core/Src/stm32f0xx_hal_msp.o
 .debug_frame   0x0000000000000894       0x9c ./Core/Src/stm32f0xx_it.o
 .debug_frame   0x0000000000000930      0x244 ./Core/Src/syscalls.o
 .debug_frame   0x0000000000000b74       0x30 ./Core/Src/sysmem.o
 .debug_frame   0x0000000000000ba4       0x4c ./Core/Src/system_stm32f0xx.o
 .debug_frame   0x0000000000000bf0      0x2a4 ./Drivers/STM32F0xx_HAL_Driver/Src/stm32f0xx_hal.o
 .debug_frame   0x0000000000000e94      0x2a0 ./Drivers/STM32F0xx_HAL_Driver/Src/stm32f0xx_hal_cortex.o
 .debug_frame   0x0000000000001134      0x110 ./Drivers/STM32F0xx_HAL_Driver/Src/stm32f0xx_hal_gpio.o
 .debug_frame   0x0000000000001244      0x198 ./Drivers/STM32F0xx_HAL_Driver/Src/stm32f0xx_hal_rcc.o
 .debug_frame   0x00000000000013dc      0x710 ./Drivers/STM32F0xx_HAL_Driver/Src/stm32f0xx_hal_spi.o
 .debug_frame   0x0000000000001aec      0x810 ./Drivers/STM32F0xx_HAL_Driver/Src/stm32f0xx_hal_uart.o
 .debug_frame   0x00000000000022fc       0x20 c:/st/stm32cubeide_1.7.0/stm32cubeide/plugins/com.st.stm32cube.ide.mcu.externaltools.gnu-tools-for-stm32.9-2020-q2-update.win32_2.0.0.202105311346/tools/bin/../lib/gcc/arm-none-eabi/9.3.1/../../../../arm-none-eabi/lib/thumb/v6-m/nofp\libc_nano.a(lib_a-errno.o)
 .debug_frame   0x000000000000231c       0x2c c:/st/stm32cubeide_1.7.0/stm32cubeide/plugins/com.st.stm32cube.ide.mcu.externaltools.gnu-tools-for-stm32.9-2020-q2-update.win32_2.0.0.202105311346/tools/bin/../lib/gcc/arm-none-eabi/9.3.1/../../../../arm-none-eabi/lib/thumb/v6-m/nofp\libc_nano.a(lib_a-init.o)
 .debug_frame   0x0000000000002348       0x28 c:/st/stm32cubeide_1.7.0/stm32cubeide/plugins/com.st.stm32cube.ide.mcu.externaltools.gnu-tools-for-stm32.9-2020-q2-update.win32_2.0.0.202105311346/tools/bin/../lib/gcc/arm-none-eabi/9.3.1/../../../../arm-none-eabi/lib/thumb/v6-m/nofp\libc_nano.a(lib_a-memcpy-stub.o)
 .debug_frame   0x0000000000002370       0x20 c:/st/stm32cubeide_1.7.0/stm32cubeide/plugins/com.st.stm32cube.ide.mcu.externaltools.gnu-tools-for-stm32.9-2020-q2-update.win32_2.0.0.202105311346/tools/bin/../lib/gcc/arm-none-eabi/9.3.1/../../../../arm-none-eabi/lib/thumb/v6-m/nofp\libc_nano.a(lib_a-memset.o)
 .debug_frame   0x0000000000002390       0x50 c:/st/stm32cubeide_1.7.0/stm32cubeide/plugins/com.st.stm32cube.ide.mcu.externaltools.gnu-tools-for-stm32.9-2020-q2-update.win32_2.0.0.202105311346/tools/bin/../lib/gcc/arm-none-eabi/9.3.1/../../../../arm-none-eabi/lib/thumb/v6-m/nofp\libc_nano.a(lib_a-printf.o)
 .debug_frame   0x00000000000023e0       0x48 c:/st/stm32cubeide_1.7.0/stm32cubeide/plugins/com.st.stm32cube.ide.mcu.externaltools.gnu-tools-for-stm32.9-2020-q2-update.win32_2.0.0.202105311346/tools/bin/../lib/gcc/arm-none-eabi/9.3.1/../../../../arm-none-eabi/lib/thumb/v6-m/nofp\libc_nano.a(lib_a-sprintf.o)